Microchip MPLAB XC8 Compiler V2.50

Linker command line:

-W-3 \
  --edf=C:\Program Files\Microchip\xc8\v2.50\pic\dat\20240725155939_en.msgs \
  -cn -h+dist/default/production\FancyIOExpander.production.sym \
  --cmf=dist/default/production\FancyIOExpander.production.cmf -z \
  -Q18F24Q10 -oC:\Users\Jimmy\AppData\Local\Temp\xcAsgrc.\driver_tmp_3.o \
  --defsym=__MPLAB_BUILD=1 --fixupoverflow=error \
  -Mdist/default/production/FancyIOExpander.production.map \
  --md=C:\Users\Jimmy\AppData\Local\Temp\xcAsgrc.\driver_tmp_0.dat -E1 \
  -ver=XC8 Compiler --acfsm=1493 -ASTACK=0300h-03FFh -pstack=STACK \
  -ACODE=00h-03FFFh -ACONST=00h-03FFFh -ASMALLCONST=0500h-05FFhx59 \
  -AMEDIUMCONST=0500h-03FFFh -ACOMRAM=01h-05Fh -AABS1=00h-03FFh \
  -ABIGRAM=01h-03FFh -ARAM=060h-0FFh,0100h-01FFhx3 -ABANK0=060h-0FFh \
  -ABANK1=0100h-01FFh -ABANK2=0200h-02FFh -ABANK3=0300h-03FFh \
  -ASFR=0400h-04FFh,0E88h-0EFFh,0F00h-0F5Fh,0F60h-0FFFh \
  -ABIGSFR=0400h-04FFh,0E88h-0FFFh -ACONFIG=0300000h-030000Bh \
  -AIDLOC=0200000h-02000FFh -AEEDATA=0310000h-03100FFh -peeprom_data=EEDATA \
  -preset_vec=00h,intcode=8h,intcodelo,powerup,init -pramtop=0500h \
  -psmallconst=SMALLCONST -pmediumconst=MEDIUMCONST -pconst=CONST \
  -AFARRAM=00h-00h \
  -prdata=COMRAM,nvrram=COMRAM,nvbit=COMRAM,rbss=COMRAM,rbit=COMRAM \
  -pfarbss=FARRAM,fardata=FARRAM,nvFARRAM=FARRAM \
  -pintsave_regs=BIGRAM,bigbss=BIGRAM,bigdata=BIGRAM -pbss=RAM \
  -pidata=CODE,irdata=CODE,ibigdata=CODE,ifardata=CODE -prparam=COMRAM \
  C:\Users\Jimmy\AppData\Local\Temp\xcAsgrc.\driver_tmp_14.o \
  dist/default/production\FancyIOExpander.production.o 

Object code version is 3.11

Machine type is 18F24Q10



                Name                               Link     Load   Length Selector   Space Scale
C:\Users\Jimmy\AppData\Local\Temp\xcAsgrc.\driver_tmp_14.o
                stack                               300      300      100      300       2
                config                           300000   300000        C        0       4
                init                                10C      10C        8        4       0
                reset_vec                             0        0        4        0       0
dist/default/production\FancyIOExpander.production.o
                intcode                               8        8      104        4       0
                config                           300000   300000        C        0       4
                temp                                 37       37       20        1       1
                mediumconst                        3EAE     3EAE      152     1F57       0
                text114                            1B28     1B28       1E        4       0
                text113                            1E48     1E48        6        4       0
                text112                            1E5C     1E5C        2        4       0
                text111                            1E42     1E42        6        4       0
                text110                             DFA      DFA       9C        4       0
                text109                            1A0C     1A0C       2A        4       0
                text108                            1E56     1E56        4        4       0
                text107                            1D5A     1D5A        C        4       0
                text106                            1E3C     1E3C        6        4       0
                text105                            1E36     1E36        6        4       0
                text104                            1CAA     1CAA       10        4       0
                text103                            1A36     1A36       28        4       0
                text102                            1DE8     1DE8        A        4       0
                text101                            1AE6     1AE6       22        4       0
                text100                            1E30     1E30        6        4       0
                text99                             1D4E     1D4E        C        4       0
                text98                             1D42     1D42        C        4       0
                text97                             1D36     1D36        C        4       0
                text96                             1E2A     1E2A        6        4       0
                text95                             1E24     1E24        6        4       0
                text94                             1C68     1C68       12        4       0
                text93                             16C6     16C6       48        4       0
                text92                             1E0A     1E0A        8        4       0
                text91                              680      680      15A        4       0
                text90                             1060     1060       94        4       0
                text89                              4EE      4EE      192        4       0
                text88                             1AC4     1AC4       22        4       0
                text87                             1AA2     1AA2       22        4       0
                text86                             197E     197E       32        4       0
                text85                             194C     194C       32        4       0
                text84                             14C4     14C4       60        4       0
                text83                             117C     117C       86        4       0
                text82                             10F4     10F4       88        4       0
                text81                             1280     1280       7E        4       0
                text80                             1DDE     1DDE        A        4       0
                text79                             1A80     1A80       22        4       0
                text78                             1E52     1E52        4        4       0
                text77                             1E02     1E02        8        4       0
                text76                             1DD4     1DD4        A        4       0
                text75                              7DA      7DA      14C        4       0
                text74                              FC8      FC8       98        4       0
                text73                             181E     181E       42        4       0
                text72                             1BAC     1BAC       18        4       0
                text71                             1E1E     1E1E        6        4       0
                text70                              C56      C56       DE        4       0
                text69                             1202     1202       7E        4       0
                text68                             1624     1624       52        4       0
                text67                             1DFA     1DFA        8        4       0
                text66                             1A5E     1A5E       22        4       0
                text65                              F30      F30       98        4       0
                text63                             1918     1918       34        4       0
                text62                             1B62     1B62       1A        4       0
                text61                             1D2A     1D2A        C        4       0
                text60                             1DCA     1DCA        A        4       0
                text59                             1DC0     1DC0        A        4       0
                text58                             1DB6     1DB6        A        4       0
                text57                             1DAC     1DAC        A        4       0
                text56                             1DA2     1DA2        A        4       0
                text55                             137A     137A       78        4       0
                text54                             1DF2     1DF2        8        4       0
                text53                             1D1C     1D1C        E        4       0
                text52                             1E4E     1E4E        4        4       0
                text51                             1C56     1C56       12        4       0
                text50                             1524     1524       58        4       0
                text49                             1C9A     1C9A       10        4       0
                text48                             1C30     1C30       14        4       0
                text47                             1C1C     1C1C       14        4       0
                text46                             1C06     1C06       16        4       0
                text45                             1BF0     1BF0       16        4       0
                text44                             1BDA     1BDA       16        4       0
                text43                             1BC4     1BC4       16        4       0
                text42                             17DC     17DC       42        4       0
                text41                             1B08     1B08       20        4       0
                text40                             1D0E     1D0E        E        4       0
                text39                             1C8A     1C8A       10        4       0
                text38                              926      926      132        4       0
                text37                             1D00     1D00        E        4       0
                text36                             145C     145C       68        4       0
                text35                              D34      D34       C6        4       0
                text34                             1E5A     1E5A        2        4       0
                text33                             1C7A     1C7A       10        4       0
                text32                             1B94     1B94       18        4       0
                text31                             1CF2     1CF2        E        4       0
                text30                              A58      A58      100        4       0
                text29                             19B0     19B0       30        4       0
                text28                             18DE     18DE       3A        4       0
                text27                             1CE4     1CE4        E        4       0
                text26                              B58      B58       FE        4       0
                text25                              114      114      3DA        4       0
                text24                             12FE     12FE       7C        4       0
                text23                             157C     157C       56        4       0
                text22                             1754     1754       46        4       0
                text21                             1860     1860       40        4       0
                text20                             1B46     1B46       1C        4       0
                text19                             1B7C     1B7C       18        4       0
                text18                             1CD6     1CD6        E        4       0
                text17                             19E0     19E0       2C        4       0
                text16                             18A0     18A0       3E        4       0
                text15                             1676     1676       50        4       0
                text14                             1E18     1E18        6        4       0
                text13                              E96      E96       9A        4       0
                text12                             1E12     1E12        6        4       0
                text11                             1C44     1C44       12        4       0
                text10                             1D98     1D98        A        4       0
                text9                              1D8E     1D8E        A        4       0
                text8                              1D84     1D84        A        4       0
                text7                              1D7A     1D7A        A        4       0
                text6                              1CC8     1CC8        E        4       0
                text5                              1CBA     1CBA        E        4       0
                text4                              1D70     1D70        A        4       0
                text3                              1D66     1D66        A        4       0
                text2                              13F2     13F2       6A        4       0
                text1                              15D2     15D2       52        4       0
                text0                              170E     170E       46        4       0
                cstackCOMRAM                          1        1       36        1       1
                cstackBANK0                          DA       DA        F       60       1
                bssBANK2                            200      200      100      200       1
                bssBANK1                            100      100       E0      100       1
                bssBANK0                             60       60       7A       60       1
                bssCOMRAM                            57       57        9        1       1
                cinit                              179A     179A       42        4       0
                nvBANK0                              E9       E9        A       60       1

TOTAL           Name                               Link     Load   Length     Space
        CLASS   STACK          
                stack                               300      300      100         2

        CLASS   CODE           
                intcode                               8        8      104         0
                init                                10C      10C        8         0
                reset_vec                             0        0        4         0
                text114                            1B28     1B28       1E         0
                text113                            1E48     1E48        6         0
                text112                            1E5C     1E5C        2         0
                text111                            1E42     1E42        6         0
                text110                             DFA      DFA       9C         0
                text109                            1A0C     1A0C       2A         0
                text108                            1E56     1E56        4         0
                text107                            1D5A     1D5A        C         0
                text106                            1E3C     1E3C        6         0
                text105                            1E36     1E36        6         0
                text104                            1CAA     1CAA       10         0
                text103                            1A36     1A36       28         0
                text102                            1DE8     1DE8        A         0
                text101                            1AE6     1AE6       22         0
                text100                            1E30     1E30        6         0
                text99                             1D4E     1D4E        C         0
                text98                             1D42     1D42        C         0
                text97                             1D36     1D36        C         0
                text96                             1E2A     1E2A        6         0
                text95                             1E24     1E24        6         0
                text94                             1C68     1C68       12         0
                text93                             16C6     16C6       48         0
                text92                             1E0A     1E0A        8         0
                text91                              680      680      15A         0
                text90                             1060     1060       94         0
                text89                              4EE      4EE      192         0
                text88                             1AC4     1AC4       22         0
                text87                             1AA2     1AA2       22         0
                text86                             197E     197E       32         0
                text85                             194C     194C       32         0
                text84                             14C4     14C4       60         0
                text83                             117C     117C       86         0
                text82                             10F4     10F4       88         0
                text81                             1280     1280       7E         0
                text80                             1DDE     1DDE        A         0
                text79                             1A80     1A80       22         0
                text78                             1E52     1E52        4         0
                text77                             1E02     1E02        8         0
                text76                             1DD4     1DD4        A         0
                text75                              7DA      7DA      14C         0
                text74                              FC8      FC8       98         0
                text73                             181E     181E       42         0
                text72                             1BAC     1BAC       18         0
                text71                             1E1E     1E1E        6         0
                text70                              C56      C56       DE         0
                text69                             1202     1202       7E         0
                text68                             1624     1624       52         0
                text67                             1DFA     1DFA        8         0
                text66                             1A5E     1A5E       22         0
                text65                              F30      F30       98         0
                text63                             1918     1918       34         0
                text62                             1B62     1B62       1A         0
                text61                             1D2A     1D2A        C         0
                text60                             1DCA     1DCA        A         0
                text59                             1DC0     1DC0        A         0
                text58                             1DB6     1DB6        A         0
                text57                             1DAC     1DAC        A         0
                text56                             1DA2     1DA2        A         0
                text55                             137A     137A       78         0
                text54                             1DF2     1DF2        8         0
                text53                             1D1C     1D1C        E         0
                text52                             1E4E     1E4E        4         0
                text51                             1C56     1C56       12         0
                text50                             1524     1524       58         0
                text49                             1C9A     1C9A       10         0
                text48                             1C30     1C30       14         0
                text47                             1C1C     1C1C       14         0
                text46                             1C06     1C06       16         0
                text45                             1BF0     1BF0       16         0
                text44                             1BDA     1BDA       16         0
                text43                             1BC4     1BC4       16         0
                text42                             17DC     17DC       42         0
                text41                             1B08     1B08       20         0
                text40                             1D0E     1D0E        E         0
                text39                             1C8A     1C8A       10         0
                text38                              926      926      132         0
                text37                             1D00     1D00        E         0
                text36                             145C     145C       68         0
                text35                              D34      D34       C6         0
                text34                             1E5A     1E5A        2         0
                text33                             1C7A     1C7A       10         0
                text32                             1B94     1B94       18         0
                text31                             1CF2     1CF2        E         0
                text30                              A58      A58      100         0
                text29                             19B0     19B0       30         0
                text28                             18DE     18DE       3A         0
                text27                             1CE4     1CE4        E         0
                text26                              B58      B58       FE         0
                text25                              114      114      3DA         0
                text24                             12FE     12FE       7C         0
                text23                             157C     157C       56         0
                text22                             1754     1754       46         0
                text21                             1860     1860       40         0
                text20                             1B46     1B46       1C         0
                text19                             1B7C     1B7C       18         0
                text18                             1CD6     1CD6        E         0
                text17                             19E0     19E0       2C         0
                text16                             18A0     18A0       3E         0
                text15                             1676     1676       50         0
                text14                             1E18     1E18        6         0
                text13                              E96      E96       9A         0
                text12                             1E12     1E12        6         0
                text11                             1C44     1C44       12         0
                text10                             1D98     1D98        A         0
                text9                              1D8E     1D8E        A         0
                text8                              1D84     1D84        A         0
                text7                              1D7A     1D7A        A         0
                text6                              1CC8     1CC8        E         0
                text5                              1CBA     1CBA        E         0
                text4                              1D70     1D70        A         0
                text3                              1D66     1D66        A         0
                text2                              13F2     13F2       6A         0
                text1                              15D2     15D2       52         0
                text0                              170E     170E       46         0
                cinit                              179A     179A       42         0

        CLASS   CONST          

        CLASS   SMALLCONST     

        CLASS   MEDIUMCONST    
                mediumconst                        3EAE     3EAE      152         0

        CLASS   COMRAM         
                temp                                 37       37       20         1
                cstackCOMRAM                          1        1       36         1
                bssCOMRAM                            57       57        9         1

        CLASS   ABS1           

        CLASS   BIGRAM         

        CLASS   RAM            

        CLASS   BANK0          
                cstackBANK0                          DA       DA        F         1
                bssBANK0                             60       60       7A         1
                nvBANK0                              E9       E9        A         1

        CLASS   BANK1          
                bssBANK1                            100      100       E0         1

        CLASS   BANK2          
                bssBANK2                            200      200      100         1

        CLASS   BANK3          

        CLASS   SFR            

        CLASS   BIGSFR         

        CLASS   CONFIG         
                config                           300000   300000        C         4

        CLASS   IDLOC          

        CLASS   EEDATA         

        CLASS   FARRAM         

        CLASS   HEAP           



SEGMENTS        Name                           Load    Length   Top    Selector   Space  Class

                reset_vec                      000000  000004  000004         0       0  CODE    
                cstackCOMRAM                   000001  00005F  000060         1       1  COMRAM  
                intcode                        000008  001E56  001E5E         4       0  CODE    
                bssBANK0                       000060  000093  0000F3        60       1  BANK0   
                bssBANK1                       000100  0000E0  0001E0       100       1  BANK1   
                bssBANK2                       000200  000100  000300       200       1  BANK2   
                stack                          000300  000100  000400       300       2  STACK   
                mediumconst                    003EAE  000152  004000      1F57       0  MEDIUMCO


UNUSED ADDRESS RANGES

        Name                Unused          Largest block    Delta
        BANK0            0000F3-0000FF                D
        BANK1            0001E0-0001FF               20
        BANK3            000300-0003FF              100
        BIGRAM           0000F3-0000FF                D
                         0001E0-0001FF               20
                         000300-0003FF              100
        BIGSFR           000400-0004FF              100
                         000E88-000FFF              178
        CODE             000004-000007                4
                         001E5E-003EAD             2050
        CONST            000004-000007                4
                         001E5E-003EAD             2050
        EEDATA           310000-3100FF              100
        IDLOC            200000-2000FF              100
        MEDIUMCONST      001E5E-003EAD             2050
        RAM              0000F3-0000FF                D
                         0001E0-0001FF               20
                         000300-0003FF              100
        SFR              000400-0004FF              100
                         000E88-000FFF               78
        SMALLCONST       001E5E-003EAD              100

                                  Symbol Table

?_ADCC_GetConversionResult                      cstackBANK0  0000DA
?_analog_get_adc_val                            cstackCOMRAM 000004
?_analog_get_adc_val_idx                        cstackCOMRAM 000001
ADCC_StartConversion@channel                    cstackBANK0  0000DA
DAC1_SetOutput@inputData                        cstackCOMRAM 000001
DATAEE_ReadByte@bAdd                            cstackBANK0  0000DA
DATAEE_WriteByte@GIEBitValue                    cstackBANK0  0000DC
DATAEE_WriteByte@bAdd                           cstackBANK0  0000DB
DATAEE_WriteByte@bData                          cstackBANK0  0000DA
EUSART1_SetErrorHandler@interruptHandler        cstackBANK0  0000DA
EUSART1_SetFramingErrorHandler@interruptHandler cstackBANK0  0000DA
EUSART1_SetOverrunErrorHandler@interruptHandler cstackBANK0  0000DA
EUSART1_SetRxInterruptHandler@interruptHandler  cstackBANK0  0000DA
EUSART1_SetTxInterruptHandler@interruptHandler  cstackBANK0  0000DA
I2C1_SlaveSendTxData@data                       cstackCOMRAM 000001
I2C1_SlaveSetAddrIntHandler@handler             cstackBANK0  0000DA
I2C1_SlaveSetBusColIntHandler@handler           cstackBANK0  0000DA
I2C1_SlaveSetIsrHandler@handler                 cstackBANK0  0000DA
I2C1_SlaveSetReadIntHandler@handler             cstackBANK0  0000DA
I2C1_SlaveSetSlaveAddr@slaveAddr                cstackBANK0  0000DA
I2C1_SlaveSetSlaveMask@maskAddr                 cstackBANK0  0000DA
I2C1_SlaveSetWrColIntHandler@handler            cstackBANK0  0000DA
I2C1_SlaveSetWriteIntHandler@handler            cstackBANK0  0000DA
I2C1_Write@data                                 cstackCOMRAM 000002
MasterR_SlaveW@res                              cstackCOMRAM 00001F
MasterR_SlaveW@tmp                              cstackCOMRAM 000020
MasterW_SlaveR@rb                               cstackCOMRAM 000020
MasterW_SlaveR@res                              cstackCOMRAM 00001F
PWM1_LoadDutyValue@dutyValue                    cstackCOMRAM 000001
PWM2_LoadDutyValue@dutyValue                    cstackCOMRAM 000001
PWM3_LoadDutyValue@dutyValue                    cstackCOMRAM 000001
PWM4_LoadDutyValue@dutyValue                    cstackCOMRAM 000001
ReadBit@pin                                     cstackCOMRAM 00000B
ReadBit@pinNo                                   cstackCOMRAM 000002
ReadBit@portData                                cstackCOMRAM 000009
ReadBit@portMask                                cstackCOMRAM 00000A
ReadBit@portNo                                  cstackCOMRAM 000001
ReadBit@reg                                     cstackCOMRAM 000007
ReadBit@regNo                                   cstackCOMRAM 00000D
ReadReg@dst                                     cstackCOMRAM 00000F
ReadReg@p                                       cstackCOMRAM 000012
ReadReg@portNo                                  cstackCOMRAM 00000E
ReadReg@regNo                                   cstackCOMRAM 000011
ReadReg@tmp                                     cstackCOMRAM 000010
WriteBit@pin                                    cstackCOMRAM 000009
WriteBit@pinNo                                  cstackCOMRAM 000002
WriteBit@portData                               cstackCOMRAM 000008
WriteBit@portMask                               cstackCOMRAM 00000D
WriteBit@portNo                                 cstackCOMRAM 000001
WriteBit@reg                                    cstackCOMRAM 00000B
WriteBit@regNo                                  cstackCOMRAM 00000E
WriteBit@value                                  cstackCOMRAM 000003
WriteReg@p                                      cstackCOMRAM 000012
WriteReg@portNo                                 cstackCOMRAM 00000F
WriteReg@regNo                                  cstackCOMRAM 000011
WriteReg@value                                  cstackCOMRAM 000010
_ADACCH                                         (abs)        000F6C
_ADACCL                                         (abs)        000F6B
_ADACQ                                          (abs)        000F57
_ADACT                                          (abs)        000F51
_ADCAP                                          (abs)        000F58
_ADCC_GetConversionResult                       text41       001B08
_ADCC_Initialize                                text63       001918
_ADCC_IsConversionDone                          text40       001D0E
_ADCC_StartConversion                           text39       001C8A
_ADCLK                                          (abs)        000F52
_ADCNT                                          (abs)        000F62
_ADCON0                                         (abs)        000F5B
_ADCON0bits                                     (abs)        000F5B
_ADCON1                                         (abs)        000F54
_ADCON1bits                                     (abs)        000F54
_ADCON2                                         (abs)        000F55
_ADCON2bits                                     (abs)        000F55
_ADCON3                                         (abs)        000F56
_ADCON3bits                                     (abs)        000F56
_ADERRH                                         (abs)        000F6A
_ADERRL                                         (abs)        000F69
_ADFLTRH                                        (abs)        000F6E
_ADFLTRL                                        (abs)        000F6D
_ADLTHH                                         (abs)        000F66
_ADLTHL                                         (abs)        000F65
_ADPCH                                          (abs)        000F5A
_ADPRE                                          (abs)        000F59
_ADPREVH                                        (abs)        000F5D
_ADPREVL                                        (abs)        000F5C
_ADREF                                          (abs)        000F53
_ADRESH                                         (abs)        000F5F
_ADRESL                                         (abs)        000F5E
_ADRPT                                          (abs)        000F61
_ADSTAT                                         (abs)        000F60
_ADSTATbits                                     (abs)        000F60
_ADSTPTH                                        (abs)        000F64
_ADSTPTL                                        (abs)        000F63
_ADUTHH                                         (abs)        000F68
_ADUTHL                                         (abs)        000F67
_ANSELA                                         (abs)        000F0C
_ANSELB                                         (abs)        000F14
_ANSELC                                         (abs)        000F1C
_BAUD1CON                                       (abs)        000F9E
_CCP1CON                                        (abs)        000FAB
_CCP1CONbits                                    (abs)        000FAB
_CCP2CON                                        (abs)        000FA7
_CCP2CONbits                                    (abs)        000FA7
_CCPR1H                                         (abs)        000FAA
_CCPR1L                                         (abs)        000FA9
_CCPR2H                                         (abs)        000FA6
_CCPR2L                                         (abs)        000FA5
_CCPTMRSbits                                    (abs)        000FAD
_CWG1AS0                                        (abs)        000F41
_CWG1AS0bits                                    (abs)        000F41
_CWG1AS1                                        (abs)        000F42
_CWG1CLKCON                                     (abs)        000F3B
_CWG1CON0                                       (abs)        000F3F
_CWG1CON1                                       (abs)        000F40
_CWG1DBF                                        (abs)        000F3E
_CWG1DBR                                        (abs)        000F3D
_CWG1ISM                                        (abs)        000F3C
_CWG1STR                                        (abs)        000F43
_CWGINPPS                                       (abs)        000EAC
_CWG_Initialize                                 text62       001B62
_DAC1CON0                                       (abs)        000F2E
_DAC1CON1                                       (abs)        000F2F
_DAC1_Initialize                                text61       001D2A
_DAC1_SetOutput                                 text92       001E0A
_DATAEE_ReadByte                                text19       001B7C
_DATAEE_WriteByte                               text16       0018A0
_E2_Changes                                     bssBANK0     000091
_E2_DATA                                        bssBANK2     000200
_EUSART1_DefaultErrorHandler                    text113      001E48
_EUSART1_DefaultFramingErrorHandler             text112      001E5C
_EUSART1_DefaultOverrunErrorHandler             text111      001E42
_EUSART1_ErrorHandler                           nvBANK0      0000E9
_EUSART1_FramingErrorHandler                    nvBANK0      0000ED
_EUSART1_Initialize                             text55       00137A
_EUSART1_OverrunErrorHandler                    nvBANK0      0000EB
_EUSART1_Receive_ISR                            text110      000DFA
_EUSART1_RxDataHandler                          text114      001B28
_EUSART1_RxDefaultInterruptHandler              nvBANK0      0000EF
_EUSART1_SetErrorHandler                        text60       001DCA
_EUSART1_SetFramingErrorHandler                 text59       001DC0
_EUSART1_SetOverrunErrorHandler                 text58       001DB6
_EUSART1_SetRxInterruptHandler                  text57       001DAC
_EUSART1_SetTxInterruptHandler                  text56       001DA2
_EUSART1_Transmit_ISR                           text109      001A0C
_EUSART1_TxDefaultInterruptHandler              nvBANK0      0000F1
_EUSART1_Write                                  text28       0018DE
_FVRCON                                         (abs)        000F2C
_FVRCONbits                                     (abs)        000F2C
_FVR_Initialize                                 text54       001DF2
_FVR_IsOutputReady                              text37       001D00
_I2C1_Initialize                                text53       001D1C
_I2C1_IsRead                                    text106      001E3C
_I2C1_Isr                                       text65       000F30
_I2C1_Open                                      text2        0013F2
_I2C1_Read                                      text105      001E36
_I2C1_SendNack                                  text95       001E24
_I2C1_SlaveAddrCallBack                         text101      001AE6
_I2C1_SlaveAddrInterruptHandler                 bssBANK0     0000C5
_I2C1_SlaveBusColInterruptHandler               bssBANK0     0000C3
_I2C1_SlaveClearIrq                             text100      001E30
_I2C1_SlaveDefAddrInterruptHandler              text102      001DE8
_I2C1_SlaveDefBusColInterruptHandler            (abs)        000000
_I2C1_SlaveDefRdInterruptHandler                text80       001DDE
_I2C1_SlaveDefWrColInterruptHandler             (abs)        000000
_I2C1_SlaveDefWrInterruptHandler                text67       001DFA
_I2C1_SlaveEnableIrq                            text12       001E12
_I2C1_SlaveGetRxData                            text108      001E56
_I2C1_SlaveIsAddr                               text99       001D4E
_I2C1_SlaveIsRead                               text107      001D5A
_I2C1_SlaveIsRxBufFull                          text98       001D42
_I2C1_SlaveIsTxBufEmpty                         text97       001D36
_I2C1_SlaveOpen                                 text11       001C44
_I2C1_SlaveRdCallBack                           text79       001A80
_I2C1_SlaveRdInterruptHandler                   bssBANK0     0000C9
_I2C1_SlaveReleaseClock                         text78       001E52
_I2C1_SlaveSendNack                             text96       001E2A
_I2C1_SlaveSendTxData                           text77       001E02
_I2C1_SlaveSetAddrIntHandler                    text10       001D98
_I2C1_SlaveSetBusColIntHandler                  text9        001D8E
_I2C1_SlaveSetIsrHandler                        text8        001D84
_I2C1_SlaveSetReadIntHandler                    text7        001D7A
_I2C1_SlaveSetSlaveAddr                         text6        001CC8
_I2C1_SlaveSetSlaveMask                         text5        001CBA
_I2C1_SlaveSetWrColIntHandler                   text4        001D70
_I2C1_SlaveSetWriteIntHandler                   text3        001D66
_I2C1_SlaveWrCallBack                           text66       001A5E
_I2C1_SlaveWrColInterruptHandler                bssBANK0     0000C1
_I2C1_SlaveWrInterruptHandler                   bssBANK0     0000C7
_I2C1_Write                                     text76       001DD4
_INLVLA                                         (abs)        000F08
_INLVLB                                         (abs)        000F10
_INLVLC                                         (abs)        000F18
_INLVLE                                         (abs)        000F25
_INTCONbits                                     (abs)        000FF2
_INTERRUPT_Initialize                           text52       001E4E
_INTERRUPT_InterruptManager                     intcode      000008
_IOCAF                                          (abs)        000F05
_IOCAN                                          (abs)        000F06
_IOCAP                                          (abs)        000F07
_LATA                                           (abs)        000F82
_LATB                                           (abs)        000F83
_LATC                                           (abs)        000F84
_MSSP1_InterruptHandler                         bssBANK0     0000CB
_MasterR_SlaveW                                 text68       001624
_MasterW_SlaveR                                 text81       001280
_NVMADRH                                        (abs)        000F7A
_NVMADRL                                        (abs)        000F79
_NVMADRU                                        (abs)        000F7B
_NVMCON0bits                                    (abs)        000F7F
_NVMCON1bits                                    (abs)        000F80
_NVMCON2                                        (abs)        000F81
_NVMDATH                                        (abs)        000F7D
_NVMDATL                                        (abs)        000F7C
_ODCONA                                         (abs)        000F0A
_ODCONB                                         (abs)        000F12
_ODCONC                                         (abs)        000F1A
_OSCCON1                                        (abs)        000ED3
_OSCCON3                                        (abs)        000ED5
_OSCEN                                          (abs)        000ED7
_OSCFRQ                                         (abs)        000ED9
_OSCILLATOR_Initialize                          text51       001C56
_OSCTUNE                                        (abs)        000ED8
_PIE3bits                                       (abs)        000EC0
_PINS                                           mediumconst  003ED0
_PIN_MANAGER_Initialize                         text50       001524
_PIR3bits                                       (abs)        000EC8
_PIR4bits                                       (abs)        000EC9
_PIR7bits                                       (abs)        000ECC
_PMD0                                           (abs)        000EDC
_PMD1                                           (abs)        000EDD
_PMD2                                           (abs)        000EDE
_PMD3                                           (abs)        000EDF
_PMD4                                           (abs)        000EE0
_PMD5                                           (abs)        000EE1
_PMD_Initialize                                 text49       001C9A
_PORTA                                          (abs)        000F8C
_PR2                                            (abs)        000FBB
_PR4                                            (abs)        000FB5
_PWM1_Initialize                                text48       001C30
_PWM1_LoadDutyValue                             text88       001AC4
_PWM2_Initialize                                text47       001C1C
_PWM2_LoadDutyValue                             text87       001AA2
_PWM3CON                                        (abs)        000FA4
_PWM3DCH                                        (abs)        000FA3
_PWM3DCL                                        (abs)        000FA2
_PWM3_Initialize                                text46       001C06
_PWM3_LoadDutyValue                             text86       00197E
_PWM4CON                                        (abs)        000FA1
_PWM4DCH                                        (abs)        000FA0
_PWM4DCL                                        (abs)        000F9F
_PWM4_Initialize                                text45       001BF0
_PWM4_LoadDutyValue                             text85       00194C
_RA0PPS                                         (abs)        000EE2
_RB5PPS                                         (abs)        000EEF
_RC1REG                                         (abs)        000F98
_RC1STA                                         (abs)        000F9C
_RC1STAbits                                     (abs)        000F9C
_RC3PPS                                         (abs)        000EF5
_RC4PPS                                         (abs)        000EF6
_RX1PPS                                         (abs)        000EB0
_ReadBit                                        text75       0007DA
_ReadReg                                        text74       000FC8
_Registers                                      mediumconst  003EAF
_SLRCONA                                        (abs)        000F09
_SLRCONB                                        (abs)        000F11
_SLRCONC                                        (abs)        000F19
_SP1BRGH                                        (abs)        000F9B
_SP1BRGL                                        (abs)        000F9A
_SSP1ADD                                        (abs)        000F92
_SSP1BUF                                        (abs)        000F91
_SSP1CON1                                       (abs)        000F95
_SSP1CON1bits                                   (abs)        000F95
_SSP1CON2                                       (abs)        000F96
_SSP1CON2bits                                   (abs)        000F96
_SSP1CON3bits                                   (abs)        000F97
_SSP1MSK                                        (abs)        000F93
_SSP1STAT                                       (abs)        000F94
_SSP1STATbits                                   (abs)        000F94
_SSPCLKPPS                                      (abs)        000EB2
_SSPDATPPS                                      (abs)        000EB3
_SYSTEM_Initialize                              text42       0017DC
_SlaveRdDevAddrFromBus                          text103      001A36
_T2CLKCON                                       (abs)        000FBE
_T2CON                                          (abs)        000FBC
_T2CONbits                                      (abs)        000FBC
_T2HLT                                          (abs)        000FBD
_T2HLTbits                                      (abs)        000FBD
_T2PR                                           (abs)        000FBB
_T2RST                                          (abs)        000FBF
_T2RSTbits                                      (abs)        000FBF
_T2TMR                                          (abs)        000FBA
_T4CLKCON                                       (abs)        000FB8
_T4CON                                          (abs)        000FB6
_T4CONbits                                      (abs)        000FB6
_T4HLT                                          (abs)        000FB7
_T4HLTbits                                      (abs)        000FB7
_T4PR                                           (abs)        000FB5
_T4RST                                          (abs)        000FB9
_T4RSTbits                                      (abs)        000FB9
_T4TMR                                          (abs)        000FB4
_TABLAT                                         (abs)        000FF5
_TBLPTRH                                        (abs)        000FF7
_TBLPTRL                                        (abs)        000FF6
_TBLPTRU                                        (abs)        000FF8
_TMR2                                           (abs)        000FBA
_TMR2_Initialize                                text44       001BDA
_TMR4                                           (abs)        000FB4
_TMR4_Initialize                                text43       001BC4
_TRISA                                          (abs)        000F87
_TRISB                                          (abs)        000F88
_TRISC                                          (abs)        000F89
_TX1REG                                         (abs)        000F99
_TX1STA                                         (abs)        000F9D
_TX1STAbits                                     (abs)        000F9D
_TestForStopBit                                 text104      001CAA
_WPUA                                           (abs)        000F0B
_WPUB                                           (abs)        000F13
_WPUC                                           (abs)        000F1B
_WPUE                                           (abs)        000F28
_WriteBit                                       text91       000680
_WriteReg                                       text90       001060
__Exit                                          text34       001E5A
__HRAM                                          (abs)        000000
__H__absolute__                                 __absolute__ 000000
__Habs1                                         abs1         000000
__Hbank0                                        bank0        000000
__Hbank1                                        bank1        000000
__Hbank2                                        bank2        000000
__Hbank3                                        bank3        000000
__Hbigbss                                       bigbss       000000
__Hbigdata                                      bigdata      000000
__Hbigram                                       bigram       000000
__Hbigsfr                                       bigsfr       000000
__Hbss                                          bss          000000
__HbssBANK0                                     bssBANK0     000000
__HbssBANK1                                     bssBANK1     000000
__HbssBANK2                                     bssBANK2     000000
__HbssCOMRAM                                    bssCOMRAM    000000
__Hcinit                                        cinit        000000
__Hclrtext                                      clrtext      000000
__Hcomram                                       comram       000000
__Hconfig                                       config       30000C
__Hconst                                        const        000000
__HcstackBANK0                                  cstackBANK0  000000
__HcstackCOMRAM                                 cstackCOMRAM 000000
__Hdata                                         data         000000
__Heeprom_data                                  eeprom_data  000000
__Hfarbss                                       farbss       000000
__Hfardata                                      fardata      000000
__Hheap                                         heap         000000
__Hibigdata                                     ibigdata     000000
__Hidata                                        idata        000000
__Hidloc                                        idloc        000000
__Hifardata                                     ifardata     000000
__Hinit                                         init         000114
__Hintcode                                      intcode      00010C
__Hintcode_body                                 intcode_body 000000
__Hintcodelo                                    intcodelo    00010C
__Hintentry                                     intentry     000000
__Hintret                                       intret       000000
__Hintsave_regs                                 intsave_regs 000000
__Hirdata                                       irdata       000000
__Hmediumconst                                  mediumconst  004000
__HnvBANK0                                      nvBANK0      000000
__HnvFARRAM                                     nvFARRAM     000000
__Hnvbit                                        nvbit        000000
__Hnvrram                                       nvrram       000000
__Hparam                                        rparam       000000
__Hpowerup                                      powerup      00010C
__Hram                                          ram          000000
__Hramtop                                       ramtop       000500
__Hrbit                                         rbit         000000
__Hrbss                                         rbss         000000
__Hrdata                                        rdata        000000
__Hreset_vec                                    reset_vec    000004
__Hrparam                                       rparam       000000
__Hsfr                                          sfr          000000
__Hsivt_hi                                      sivt_hi      000000
__Hsivt_lo                                      sivt_lo      000000
__Hsmallconst                                   smallconst   000000
__Hspace_0                                      (abs)        004000
__Hspace_1                                      (abs)        000300
__Hspace_2                                      (abs)        000400
__Hspace_4                                      (abs)        60000C
__Hstack                                        stack        000400
__Hstruct                                       struct       000000
__Htemp                                         temp         000057
__Htext                                         text         000000
__Htext0                                        text0        000000
__Htext1                                        text1        000000
__Htext10                                       text10       000000
__Htext100                                      text100      000000
__Htext101                                      text101      000000
__Htext102                                      text102      000000
__Htext103                                      text103      000000
__Htext104                                      text104      000000
__Htext105                                      text105      000000
__Htext106                                      text106      000000
__Htext107                                      text107      000000
__Htext108                                      text108      000000
__Htext109                                      text109      000000
__Htext11                                       text11       000000
__Htext110                                      text110      000000
__Htext111                                      text111      000000
__Htext112                                      text112      000000
__Htext113                                      text113      000000
__Htext114                                      text114      000000
__Htext12                                       text12       000000
__Htext13                                       text13       000000
__Htext14                                       text14       000000
__Htext15                                       text15       000000
__Htext16                                       text16       000000
__Htext17                                       text17       000000
__Htext18                                       text18       000000
__Htext19                                       text19       000000
__Htext2                                        text2        000000
__Htext20                                       text20       000000
__Htext21                                       text21       000000
__Htext22                                       text22       000000
__Htext23                                       text23       000000
__Htext24                                       text24       000000
__Htext25                                       text25       000000
__Htext26                                       text26       000000
__Htext27                                       text27       000000
__Htext28                                       text28       000000
__Htext29                                       text29       000000
__Htext3                                        text3        000000
__Htext30                                       text30       000000
__Htext31                                       text31       000000
__Htext32                                       text32       000000
__Htext33                                       text33       000000
__Htext34                                       text34       000000
__Htext35                                       text35       000000
__Htext36                                       text36       000000
__Htext37                                       text37       000000
__Htext38                                       text38       000000
__Htext39                                       text39       000000
__Htext4                                        text4        000000
__Htext40                                       text40       000000
__Htext41                                       text41       000000
__Htext42                                       text42       000000
__Htext43                                       text43       000000
__Htext44                                       text44       000000
__Htext45                                       text45       000000
__Htext46                                       text46       000000
__Htext47                                       text47       000000
__Htext48                                       text48       000000
__Htext49                                       text49       000000
__Htext5                                        text5        000000
__Htext50                                       text50       000000
__Htext51                                       text51       000000
__Htext52                                       text52       000000
__Htext53                                       text53       000000
__Htext54                                       text54       000000
__Htext55                                       text55       000000
__Htext56                                       text56       000000
__Htext57                                       text57       000000
__Htext58                                       text58       000000
__Htext59                                       text59       000000
__Htext6                                        text6        000000
__Htext60                                       text60       000000
__Htext61                                       text61       000000
__Htext62                                       text62       000000
__Htext63                                       text63       000000
__Htext65                                       text65       000000
__Htext66                                       text66       000000
__Htext67                                       text67       000000
__Htext68                                       text68       000000
__Htext69                                       text69       000000
__Htext7                                        text7        000000
__Htext70                                       text70       000000
__Htext71                                       text71       000000
__Htext72                                       text72       000000
__Htext73                                       text73       000000
__Htext74                                       text74       000000
__Htext75                                       text75       000000
__Htext76                                       text76       000000
__Htext77                                       text77       000000
__Htext78                                       text78       000000
__Htext79                                       text79       000000
__Htext8                                        text8        000000
__Htext80                                       text80       000000
__Htext81                                       text81       000000
__Htext82                                       text82       000000
__Htext83                                       text83       000000
__Htext84                                       text84       000000
__Htext85                                       text85       000000
__Htext86                                       text86       000000
__Htext87                                       text87       000000
__Htext88                                       text88       000000
__Htext89                                       text89       000000
__Htext9                                        text9        000000
__Htext90                                       text90       000000
__Htext91                                       text91       000000
__Htext92                                       text92       000000
__Htext93                                       text93       000000
__Htext94                                       text94       000000
__Htext95                                       text95       000000
__Htext96                                       text96       000000
__Htext97                                       text97       000000
__Htext98                                       text98       000000
__Htext99                                       text99       000000
__LRAM                                          (abs)        000001
__L__absolute__                                 __absolute__ 000000
__Labs1                                         abs1         000000
__Lbank0                                        bank0        000000
__Lbank1                                        bank1        000000
__Lbank2                                        bank2        000000
__Lbank3                                        bank3        000000
__Lbigbss                                       bigbss       000000
__Lbigdata                                      bigdata      000000
__Lbigram                                       bigram       000000
__Lbigsfr                                       bigsfr       000000
__Lbss                                          bss          000000
__LbssBANK0                                     bssBANK0     000000
__LbssBANK1                                     bssBANK1     000000
__LbssBANK2                                     bssBANK2     000000
__LbssCOMRAM                                    bssCOMRAM    000000
__Lcinit                                        cinit        000000
__Lclrtext                                      clrtext      000000
__Lcomram                                       comram       000000
__Lconfig                                       config       000000
__Lconst                                        const        000000
__LcstackBANK0                                  cstackBANK0  000000
__LcstackCOMRAM                                 cstackCOMRAM 000000
__Ldata                                         data         000000
__Leeprom_data                                  eeprom_data  000000
__Lfarbss                                       farbss       000000
__Lfardata                                      fardata      000000
__Lheap                                         heap         000000
__Libigdata                                     ibigdata     000000
__Lidata                                        idata        000000
__Lidloc                                        idloc        000000
__Lifardata                                     ifardata     000000
__Linit                                         init         00010C
__Lintcode                                      intcode      000008
__Lintcode_body                                 intcode_body 000000
__Lintcodelo                                    intcodelo    00010C
__Lintentry                                     intentry     000000
__Lintret                                       intret       000000
__Lintsave_regs                                 intsave_regs 000000
__Lirdata                                       irdata       000000
__Lmediumconst                                  mediumconst  003EAE
__LnvBANK0                                      nvBANK0      000000
__LnvFARRAM                                     nvFARRAM     000000
__Lnvbit                                        nvbit        000000
__Lnvrram                                       nvrram       000000
__Lparam                                        rparam       000000
__Lpowerup                                      powerup      00010C
__Lram                                          ram          000000
__Lramtop                                       ramtop       000500
__Lrbit                                         rbit         000000
__Lrbss                                         rbss         000000
__Lrdata                                        rdata        000000
__Lreset_vec                                    reset_vec    000000
__Lrparam                                       rparam       000000
__Lsfr                                          sfr          000000
__Lsivt_hi                                      sivt_hi      000000
__Lsivt_lo                                      sivt_lo      000000
__Lsmallconst                                   smallconst   000000
__Lspace_0                                      (abs)        000000
__Lspace_1                                      (abs)        000000
__Lspace_2                                      (abs)        000000
__Lspace_4                                      (abs)        000000
__Lstack                                        stack        000300
__Lstruct                                       struct       000000
__Ltemp                                         temp         000037
__Ltext                                         text         000000
__Ltext0                                        text0        000000
__Ltext1                                        text1        000000
__Ltext10                                       text10       000000
__Ltext100                                      text100      000000
__Ltext101                                      text101      000000
__Ltext102                                      text102      000000
__Ltext103                                      text103      000000
__Ltext104                                      text104      000000
__Ltext105                                      text105      000000
__Ltext106                                      text106      000000
__Ltext107                                      text107      000000
__Ltext108                                      text108      000000
__Ltext109                                      text109      000000
__Ltext11                                       text11       000000
__Ltext110                                      text110      000000
__Ltext111                                      text111      000000
__Ltext112                                      text112      000000
__Ltext113                                      text113      000000
__Ltext114                                      text114      000000
__Ltext12                                       text12       000000
__Ltext13                                       text13       000000
__Ltext14                                       text14       000000
__Ltext15                                       text15       000000
__Ltext16                                       text16       000000
__Ltext17                                       text17       000000
__Ltext18                                       text18       000000
__Ltext19                                       text19       000000
__Ltext2                                        text2        000000
__Ltext20                                       text20       000000
__Ltext21                                       text21       000000
__Ltext22                                       text22       000000
__Ltext23                                       text23       000000
__Ltext24                                       text24       000000
__Ltext25                                       text25       000000
__Ltext26                                       text26       000000
__Ltext27                                       text27       000000
__Ltext28                                       text28       000000
__Ltext29                                       text29       000000
__Ltext3                                        text3        000000
__Ltext30                                       text30       000000
__Ltext31                                       text31       000000
__Ltext32                                       text32       000000
__Ltext33                                       text33       000000
__Ltext34                                       text34       000000
__Ltext35                                       text35       000000
__Ltext36                                       text36       000000
__Ltext37                                       text37       000000
__Ltext38                                       text38       000000
__Ltext39                                       text39       000000
__Ltext4                                        text4        000000
__Ltext40                                       text40       000000
__Ltext41                                       text41       000000
__Ltext42                                       text42       000000
__Ltext43                                       text43       000000
__Ltext44                                       text44       000000
__Ltext45                                       text45       000000
__Ltext46                                       text46       000000
__Ltext47                                       text47       000000
__Ltext48                                       text48       000000
__Ltext49                                       text49       000000
__Ltext5                                        text5        000000
__Ltext50                                       text50       000000
__Ltext51                                       text51       000000
__Ltext52                                       text52       000000
__Ltext53                                       text53       000000
__Ltext54                                       text54       000000
__Ltext55                                       text55       000000
__Ltext56                                       text56       000000
__Ltext57                                       text57       000000
__Ltext58                                       text58       000000
__Ltext59                                       text59       000000
__Ltext6                                        text6        000000
__Ltext60                                       text60       000000
__Ltext61                                       text61       000000
__Ltext62                                       text62       000000
__Ltext63                                       text63       000000
__Ltext65                                       text65       000000
__Ltext66                                       text66       000000
__Ltext67                                       text67       000000
__Ltext68                                       text68       000000
__Ltext69                                       text69       000000
__Ltext7                                        text7        000000
__Ltext70                                       text70       000000
__Ltext71                                       text71       000000
__Ltext72                                       text72       000000
__Ltext73                                       text73       000000
__Ltext74                                       text74       000000
__Ltext75                                       text75       000000
__Ltext76                                       text76       000000
__Ltext77                                       text77       000000
__Ltext78                                       text78       000000
__Ltext79                                       text79       000000
__Ltext8                                        text8        000000
__Ltext80                                       text80       000000
__Ltext81                                       text81       000000
__Ltext82                                       text82       000000
__Ltext83                                       text83       000000
__Ltext84                                       text84       000000
__Ltext85                                       text85       000000
__Ltext86                                       text86       000000
__Ltext87                                       text87       000000
__Ltext88                                       text88       000000
__Ltext89                                       text89       000000
__Ltext9                                        text9        000000
__Ltext90                                       text90       000000
__Ltext91                                       text91       000000
__Ltext92                                       text92       000000
__Ltext93                                       text93       000000
__Ltext94                                       text94       000000
__Ltext95                                       text95       000000
__Ltext96                                       text96       000000
__Ltext97                                       text97       000000
__Ltext98                                       text98       000000
__Ltext99                                       text99       000000
__S0                                            (abs)        004000
__S1                                            (abs)        000300
__S2                                            (abs)        000400
__S4                                            (abs)        000000
__S5                                            (abs)        000000
___assert_fail                                  text22       001754
___awdiv                                        text38       000926
___awmod                                        text30       000A58
___funcs_on_exit                                text33       001C7A
___heap_hi                                      (abs)        000000
___heap_lo                                      (abs)        000000
___inthi_sp                                     stack        000380
___inthi_stack_hi                               stack        000400
___inthi_stack_lo                               stack        000380
___intlo_sp                                     stack        000400
___param_bank                                   (abs)        000000
___rparam_used                                  (abs)        000001
___sp                                           stack        000300
___stack_hi                                     stack        000380
___stack_lo                                     stack        000300
__accesstop                                     (abs)        000060
__activetblptr                                  (abs)        000002
__end_of_ADCC_GetConversionResult               text41       001B28
__end_of_ADCC_Initialize                        text63       00194C
__end_of_ADCC_IsConversionDone                  text40       001D1C
__end_of_ADCC_StartConversion                   text39       001C9A
__end_of_CWG_Initialize                         text62       001B7C
__end_of_DAC1_Initialize                        text61       001D36
__end_of_DAC1_SetOutput                         text92       001E12
__end_of_DATAEE_ReadByte                        text19       001B94
__end_of_DATAEE_WriteByte                       text16       0018DE
__end_of_EUSART1_DefaultErrorHandler            text113      001E4E
__end_of_EUSART1_DefaultFramingErrorHandler     text112      001E5E
__end_of_EUSART1_DefaultOverrunErrorHandler     text111      001E48
__end_of_EUSART1_Initialize                     text55       0013F2
__end_of_EUSART1_Receive_ISR                    text110      000E96
__end_of_EUSART1_RxDataHandler                  text114      001B46
__end_of_EUSART1_SetErrorHandler                text60       001DD4
__end_of_EUSART1_SetFramingErrorHandler         text59       001DCA
__end_of_EUSART1_SetOverrunErrorHandler         text58       001DC0
__end_of_EUSART1_SetRxInterruptHandler          text57       001DB6
__end_of_EUSART1_SetTxInterruptHandler          text56       001DAC
__end_of_EUSART1_Transmit_ISR                   text109      001A36
__end_of_EUSART1_Write                          text28       001918
__end_of_FVR_Initialize                         text54       001DFA
__end_of_FVR_IsOutputReady                      text37       001D0E
__end_of_I2C1_Initialize                        text53       001D2A
__end_of_I2C1_IsRead                            text106      001E42
__end_of_I2C1_Isr                               text65       000FC8
__end_of_I2C1_Open                              text2        00145C
__end_of_I2C1_Read                              text105      001E3C
__end_of_I2C1_SendNack                          text95       001E2A
__end_of_I2C1_SlaveAddrCallBack                 text101      001B08
__end_of_I2C1_SlaveClearIrq                     text100      001E36
__end_of_I2C1_SlaveDefAddrInterruptHandler      text102      001DF2
__end_of_I2C1_SlaveDefRdInterruptHandler        text80       001DE8
__end_of_I2C1_SlaveDefWrInterruptHandler        text67       001E02
__end_of_I2C1_SlaveEnableIrq                    text12       001E18
__end_of_I2C1_SlaveGetRxData                    text108      001E5A
__end_of_I2C1_SlaveIsAddr                       text99       001D5A
__end_of_I2C1_SlaveIsRead                       text107      001D66
__end_of_I2C1_SlaveIsRxBufFull                  text98       001D4E
__end_of_I2C1_SlaveIsTxBufEmpty                 text97       001D42
__end_of_I2C1_SlaveOpen                         text11       001C56
__end_of_I2C1_SlaveRdCallBack                   text79       001AA2
__end_of_I2C1_SlaveReleaseClock                 text78       001E56
__end_of_I2C1_SlaveSendNack                     text96       001E30
__end_of_I2C1_SlaveSendTxData                   text77       001E0A
__end_of_I2C1_SlaveSetAddrIntHandler            text10       001DA2
__end_of_I2C1_SlaveSetBusColIntHandler          text9        001D98
__end_of_I2C1_SlaveSetIsrHandler                text8        001D8E
__end_of_I2C1_SlaveSetReadIntHandler            text7        001D84
__end_of_I2C1_SlaveSetSlaveAddr                 text6        001CD6
__end_of_I2C1_SlaveSetSlaveMask                 text5        001CC8
__end_of_I2C1_SlaveSetWrColIntHandler           text4        001D7A
__end_of_I2C1_SlaveSetWriteIntHandler           text3        001D70
__end_of_I2C1_SlaveWrCallBack                   text66       001A80
__end_of_I2C1_Write                             text76       001DDE
__end_of_INTERRUPT_Initialize                   text52       001E52
__end_of_INTERRUPT_InterruptManager             intcode      00010C
__end_of_MasterR_SlaveW                         text68       001676
__end_of_MasterW_SlaveR                         text81       0012FE
__end_of_OSCILLATOR_Initialize                  text51       001C68
__end_of_PINS                                   mediumconst  003EF0
__end_of_PIN_MANAGER_Initialize                 text50       00157C
__end_of_PMD_Initialize                         text49       001CAA
__end_of_PWM1_Initialize                        text48       001C44
__end_of_PWM1_LoadDutyValue                     text88       001AE6
__end_of_PWM2_Initialize                        text47       001C30
__end_of_PWM2_LoadDutyValue                     text87       001AC4
[...]
__ptext84                                       text84       0014C4
__ptext85                                       text85       00194C
__ptext86                                       text86       00197E
__ptext87                                       text87       001AA2
__ptext88                                       text88       001AC4
__ptext89                                       text89       0004EE
__ptext9                                        text9        001D8E
__ptext90                                       text90       001060
__ptext91                                       text91       000680
__ptext92                                       text92       001E0A
__ptext93                                       text93       0016C6
__ptext94                                       text94       001C68
__ptext95                                       text95       001E24
__ptext96                                       text96       001E2A
__ptext97                                       text97       001D36
__ptext98                                       text98       001D42
__ptext99                                       text99       001D4E
__ramtop                                        ramtop       000500
__smallconst                                    smallconst   000000
_abort                                          text31       001CF2
_abs                                            text29       0019B0
_analog                                         bssBANK0     000060
_analog_get_adc_val                             text72       001BAC
_analog_get_adc_val_idx                         text73       00181E
_analog_handler                                 text35       000D34
_analog_init                                    text20       001B46
_analog_select_pos_ref_idx                      text21       001860
_analog_set_pos_ref                             text36       00145C
_analog_set_pos_ref$3085                        cstackBANK0  0000DB
_count                                          bssCOMRAM    000057
_dbuf                                           bssBANK1     0001C0
_eeprom_buffer_whole                            text17       0019E0
_eeprom_handle_writing                          text13       000E96
_eeprom_read_buffer                             text94       001C68
_eeprom_read_byte                               text18       001CD6
_eeprom_write_buffer                            text93       0016C6
_eeprom_write_byte                              text15       001676
_eusart1RxBuffer                                bssBANK1     000140
_eusart1RxCount                                 bssCOMRAM    00005A
_eusart1RxHead                                  bssCOMRAM    00005C
_eusart1RxLastError                             bssBANK0     0000D0
_eusart1RxStatusBuffer                          bssBANK1     000100
_eusart1RxTail                                  bssCOMRAM    00005B
_eusart1TxBuffer                                bssBANK1     000180
_eusart1TxBufferRemaining                       bssCOMRAM    00005D
_eusart1TxHead                                  bssCOMRAM    00005F
_eusart1TxTail                                  bssCOMRAM    00005E
_exit                                           text32       001B94
_flags                                          bssBANK0     0000CD
_fputc                                          text26       000B58
_handle_read_cmd                                text70       000C56
_handle_write_cmd                               text83       00117C
_i2c                                            bssBANK0     0000D1
_i2c1EEPMemAddr                                 bssBANK0     0000BB
_i2c1RdData                                     bssBANK0     0000CF
_i2c1SlaveAddr                                  bssBANK0     0000CE
_i2c1SlaveState                                 bssCOMRAM    000058
_i2c1WrData                                     bssCOMRAM    000059
_i2c_read_from_slave_cb                         text69       001202
_i2c_slave_get_byte_no                          text71       001E1E
_i2c_slave_get_state                            text14       001E18
_i2c_slave_init                                 text1        0015D2
_i2c_write_to_slave_cb                          text82       0010F4
_main                                           text0        00170E
_prec                                           bssBANK0     0000B9
_printf                                         text23       00157C
_putch                                          text27       001CE4
_pwm_configure_pin                              text89       0004EE
_pwm_set_duty_cycle                             text84       0014C4
_sectorRAM                                      (abs)        000400
_vfpfcnvrt                                      text25       000114
_vfprintf                                       text24       0012FE
_width                                          bssBANK0     0000B7
analog_get_adc_val@pin                          cstackCOMRAM 000004
analog_get_adc_val@port                         cstackCOMRAM 000006
analog_get_adc_val_idx@idx                      cstackCOMRAM 000003
analog_handler@pin                              cstackBANK0  0000E7
analog_handler@port                             cstackBANK0  0000E6
analog_init@i                                   cstackBANK0  0000DC
analog_select_pos_ref_idx@idx                   cstackBANK0  0000DB
analog_select_pos_ref_idx@ref                   cstackBANK0  0000DA
analog_set_pos_ref@current                      cstackBANK0  0000DD
analog_set_pos_ref@ref                          cstackBANK0  0000DE
btemp                                           temp         000037
eeprom_buffer_whole@b                           cstackBANK0  0000DC
eeprom_handle_writing@bi                        cstackBANK0  0000E7
eeprom_handle_writing@bitval                    cstackBANK0  0000E5
eeprom_handle_writing@by                        cstackBANK0  0000E8
eeprom_handle_writing@eeAddr                    cstackBANK0  0000E6
eeprom_read_buffer@addr                         cstackCOMRAM 000001
eeprom_read_byte@addr                           cstackBANK0  0000DB
eeprom_write_buffer@addr                        cstackCOMRAM 000005
eeprom_write_buffer@data                        cstackCOMRAM 000001
eeprom_write_byte@addr                          cstackBANK0  0000E2
eeprom_write_byte@data                          cstackBANK0  0000DD
end_of_initialization                           cinit        0017D2
handle_read_cmd@a                               bssBANK0     0000BD
handle_read_cmd@adc_tmp                         bssBANK0     0000BF
handle_read_cmd@c                               cstackCOMRAM 000013
handle_read_cmd@wb                              cstackCOMRAM 000015
handle_write_cmd@c                              cstackCOMRAM 000014
handle_write_cmd@rb                             cstackCOMRAM 000016
i2c_read_from_slave_cb@addr                     cstackCOMRAM 000019
i2c_read_from_slave_cb@c                        cstackCOMRAM 00001D
i2c_read_from_slave_cb@wb                       cstackCOMRAM 00001A
i2c_slave_init@from_slave_func                  cstackBANK0  0000DF
i2c_slave_init@maskAddr                         cstackBANK0  0000DC
i2c_slave_init@slaveAddr                        cstackBANK0  0000E1
i2c_slave_init@to_slave_func                    cstackBANK0  0000DD
i2c_write_to_slave_cb@addr                      cstackCOMRAM 000019
i2c_write_to_slave_cb@c                         cstackCOMRAM 00001D
i2c_write_to_slave_cb@rb                        cstackCOMRAM 00001A
intlevel0                                       text         000000
intlevel1                                       text         000000
intlevel2                                       text         000000
intlevel3                                       text         000000
isa$std                                         (abs)        000001
isa$xinst                                       (abs)        000000
lltemp0                                         temp         000037
lltemp1                                         temp         00003F
lltemp2                                         temp         000047
lltemp3                                         temp         00004F
ltemp0                                          temp         000037
ltemp1                                          temp         00003B
ltemp2                                          temp         00003F
pwm_configure_pin@ccp_con                       cstackCOMRAM 00000B
pwm_configure_pin@module                        cstackCOMRAM 000002
pwm_configure_pin@phyPin                        cstackCOMRAM 000012
pwm_configure_pin@pin                           cstackCOMRAM 000001
pwm_configure_pin@port                          cstackCOMRAM 00000F
pwm_configure_pin@pps_reg                       cstackCOMRAM 000010
pwm_configure_pin@pwm_con                       cstackCOMRAM 00000D
pwm_configure_pin@tris_reg                      cstackCOMRAM 000009
pwm_set_duty_cycle@duty_cycle                   cstackCOMRAM 000005
pwm_set_duty_cycle@module                       cstackCOMRAM 000007
stackhi                                         (abs)        0003FF
stacklo                                         (abs)        000300
start                                           init         00010C
start_initialization                            cinit        00179A
ttemp0                                          temp         000037
ttemp1                                          temp         00003A
ttemp2                                          temp         00003D
ttemp3                                          temp         000040
ttemp5                                          temp         000038
ttemp6                                          temp         00003B
ttemp7                                          temp         00003F
wtemp0                                          temp         000037
wtemp1                                          temp         000039
wtemp2                                          temp         00003B
wtemp3                                          temp         00003D
wtemp4                                          temp         00003F
wtemp5                                          temp         000041
wtemp8                                          temp         000038


MODULE INFORMATION

Module		Function		Class		Link	Load	Size
mcc_generated_files/fvr.c
		_FVR_IsOutputReady		CODE           	1D00	0000	14
		_FVR_Initialize		CODE           	1DF2	0000	8

mcc_generated_files/fvr.c estimated size: 22

C:\Program Files\Microchip\xc8\v2.50\pic\sources\c99\common\_Exit.c
		__Exit         		CODE           	1E5A	0000	2

C:\Program Files\Microchip\xc8\v2.50\pic\sources\c99\common\_Exit.c estimated size: 2

mcc_generated_files/tmr4.c
		_TMR4_Initialize		CODE           	1BC4	0000	22

mcc_generated_files/tmr4.c estimated size: 22

mcc_generated_files/pwm4.c
		_PWM4_Initialize		CODE           	1BF0	0000	22
		_PWM4_LoadDutyValue		CODE           	194C	0000	50

mcc_generated_files/pwm4.c estimated size: 72

mcc_generated_files/tmr2.c
		_TMR2_Initialize		CODE           	1BDA	0000	22

mcc_generated_files/tmr2.c estimated size: 22

mcc_generated_files/interrupt_manager.c
		_INTERRUPT_Initialize		CODE           	1E4E	0000	4
		_INTERRUPT_InterruptManager		CODE           	0008	0000	260

mcc_generated_files/interrupt_manager.c estimated size: 264

mcc_generated_files/pwm2.c
		_PWM2_Initialize		CODE           	1C1C	0000	20
		_PWM2_LoadDutyValue		CODE           	1AA2	0000	34

mcc_generated_files/pwm2.c estimated size: 54

C:\Program Files\Microchip\xc8\v2.50\pic\sources\c99\common\printf.c
		_printf        		CODE           	157C	0000	86

C:\Program Files\Microchip\xc8\v2.50\pic\sources\c99\common\printf.c estimated size: 86

mcc_generated_files/cwg.c
		_CWG_Initialize		CODE           	1B62	0000	26

mcc_generated_files/cwg.c estimated size: 26

mcc_generated_files/pin_manager.c
		_PIN_MANAGER_Initialize		CODE           	1524	0000	88

mcc_generated_files/pin_manager.c estimated size: 88

mcc_generated_files/i2c1_slave.c
		_I2C1_Read     		CODE           	1E36	0000	6
		_I2C1_SlaveSetReadIntHandler		CODE           	1D7A	0000	10
		_I2C1_SlaveDefAddrInterruptHandler		CODE           	1DE8	0000	10
		_I2C1_SlaveSetAddrIntHandler		CODE           	1D98	0000	10
		_I2C1_SlaveIsRead		CODE           	1D5A	0000	12
		_I2C1_SlaveSetIsrHandler		CODE           	1D84	0000	10
		_I2C1_SlaveIsAddr		CODE           	1D4E	0000	12
		_I2C1_SlaveEnableIrq		CODE           	1E12	0000	6
		_I2C1_SlaveDefRdInterruptHandler		CODE           	1DDE	0000	10
		_I2C1_SlaveDefWrInterruptHandler		CODE           	1DFA	0000	8
		_I2C1_SlaveOpen		CODE           	1C44	0000	18
		_I2C1_SlaveSendTxData		CODE           	1E02	0000	8
		_I2C1_SlaveSetSlaveAddr		CODE           	1CC8	0000	14
		_I2C1_SendNack 		CODE           	1E24	0000	6
		_I2C1_SlaveRdCallBack		CODE           	1A80	0000	34
		_I2C1_SlaveSendNack		CODE           	1E2A	0000	6
		_I2C1_SlaveWrCallBack		CODE           	1A5E	0000	34
		_I2C1_Isr      		CODE           	0F30	0000	152
		_I2C1_Open     		CODE           	13F2	0000	106
		_I2C1_IsRead   		CODE           	1E3C	0000	6
		_I2C1_SlaveAddrCallBack		CODE           	1AE6	0000	34
		_I2C1_Initialize		CODE           	1D1C	0000	14
		_I2C1_Write    		CODE           	1DD4	0000	10
		_I2C1_SlaveSetWrColIntHandler		CODE           	1D70	0000	10
		_I2C1_SlaveIsTxBufEmpty		CODE           	1D36	0000	12
		_I2C1_SlaveIsRxBufFull		CODE           	1D42	0000	12
		_I2C1_SlaveClearIrq		CODE           	1E30	0000	6
		_I2C1_SlaveGetRxData		CODE           	1E56	0000	4
		_I2C1_SlaveSetWriteIntHandler		CODE           	1D66	0000	10
		_I2C1_SlaveSetBusColIntHandler		CODE           	1D8E	0000	10
		_I2C1_SlaveReleaseClock		CODE           	1E52	0000	4
		_I2C1_SlaveSetSlaveMask		CODE           	1CBA	0000	14

mcc_generated_files/i2c1_slave.c estimated size: 618

C:\Program Files\Microchip\xc8\v2.50\pic\sources\c99\common\awmod.c
		___awmod       		CODE           	0A58	0000	256

C:\Program Files\Microchip\xc8\v2.50\pic\sources\c99\common\awmod.c estimated size: 256

C:\Program Files\Microchip\xc8\v2.50\pic\sources\c99\common\abs.c
		_abs           		CODE           	19B0	0000	48

C:\Program Files\Microchip\xc8\v2.50\pic\sources\c99\common\abs.c estimated size: 48

pwm.c
		_pwm_set_duty_cycle		CODE           	14C4	0000	96
		_pwm_configure_pin		CODE           	04EE	0000	402

pwm.c estimated size: 498

C:\Program Files\Microchip\xc8\v2.50\pic\sources\c99\common\assert.c
		___assert_fail 		CODE           	1754	0000	70

C:\Program Files\Microchip\xc8\v2.50\pic\sources\c99\common\assert.c estimated size: 70

eeprom.c
		_eeprom_read_byte		CODE           	1CD6	0000	14
		_eeprom_write_buffer		CODE           	16C6	0000	72
		_eeprom_write_byte		CODE           	1676	0000	80
		_eeprom_handle_writing		CODE           	0E96	0000	154
		_eeprom_read_buffer		CODE           	1C68	0000	18
		_eeprom_buffer_whole		CODE           	19E0	0000	44

eeprom.c estimated size: 382

C:\Program Files\Microchip\xc8\v2.50\pic\sources\c99\common\atexit.c
		___funcs_on_exit		CODE           	1C7A	0000	16

C:\Program Files\Microchip\xc8\v2.50\pic\sources\c99\common\atexit.c estimated size: 16

C:\Program Files\Microchip\xc8\v2.50\pic\sources\c99\common\nf_fputc.c
		_fputc         		CODE           	0B58	0000	254

C:\Program Files\Microchip\xc8\v2.50\pic\sources\c99\common\nf_fputc.c estimated size: 254

shared
		__initialization		CODE           	179A	0000	56
		_Registers     		MEDIUMCONST    	3EAF	0000	33
		_PINS          		MEDIUMCONST    	3ED0	0000	32

shared estimated size: 121

mcc_generated_files/eusart1.c
		_EUSART1_SetRxInterruptHandler		CODE           	1DAC	0000	10
		_EUSART1_SetTxInterruptHandler		CODE           	1DA2	0000	10
		_EUSART1_Initialize		CODE           	137A	0000	120
		_putch         		CODE           	1CE4	0000	14
		_EUSART1_DefaultErrorHandler		CODE           	1E48	0000	6
		_EUSART1_SetFramingErrorHandler		CODE           	1DC0	0000	10
		_EUSART1_SetOverrunErrorHandler		CODE           	1DB6	0000	10
		_EUSART1_SetErrorHandler		CODE           	1DCA	0000	10
		_EUSART1_Write 		CODE           	18DE	0000	58
		_EUSART1_Receive_ISR		CODE           	0DFA	0000	156
		_EUSART1_RxDataHandler		CODE           	1B28	0000	30
		_EUSART1_DefaultOverrunErrorHandler		CODE           	1E42	0000	6
		_EUSART1_Transmit_ISR		CODE           	1A0C	0000	42
		_EUSART1_DefaultFramingErrorHandler		CODE           	1E5C	0000	2

mcc_generated_files/eusart1.c estimated size: 484

mcc_generated_files/mcc.c
		_PMD_Initialize		CODE           	1C9A	0000	16
		_OSCILLATOR_Initialize		CODE           	1C56	0000	18
		_SYSTEM_Initialize		CODE           	17DC	0000	66

mcc_generated_files/mcc.c estimated size: 100

mcc_generated_files/pwm3.c
		_PWM3_Initialize		CODE           	1C06	0000	22
		_PWM3_LoadDutyValue		CODE           	197E	0000	50

mcc_generated_files/pwm3.c estimated size: 72

C:\Program Files\Microchip\xc8\v2.50\pic\sources\c99\common\awdiv.c
		___awdiv       		CODE           	0926	0000	306

C:\Program Files\Microchip\xc8\v2.50\pic\sources\c99\common\awdiv.c estimated size: 306

i2c_slave.c
		_MasterR_SlaveW		CODE           	1624	0000	82
		_SlaveRdDevAddrFromBus		CODE           	1A36	0000	40
		_i2c_slave_get_state		CODE           	1E18	0000	6
		_MasterW_SlaveR		CODE           	1280	0000	126
		_i2c_slave_get_byte_no		CODE           	1E1E	0000	6
		_i2c_slave_init		CODE           	15D2	0000	82
		_TestForStopBit		CODE           	1CAA	0000	16

i2c_slave.c estimated size: 358

mcc_generated_files/pwm1.c
		_PWM1_Initialize		CODE           	1C30	0000	20
		_PWM1_LoadDutyValue		CODE           	1AC4	0000	34

mcc_generated_files/pwm1.c estimated size: 54

C:\Program Files\Microchip\xc8\v2.50\pic\sources\c99\common\exit.c
		_exit          		CODE           	1B94	0000	24

C:\Program Files\Microchip\xc8\v2.50\pic\sources\c99\common\exit.c estimated size: 24

C:\Program Files\Microchip\xc8\v2.50\pic\sources\c99\common\doprnt.c
		_vfpfcnvrt     		CODE           	0114	0000	986
		_vfprintf      		CODE           	12FE	0000	124

C:\Program Files\Microchip\xc8\v2.50\pic\sources\c99\common\doprnt.c estimated size: 1110

registers.c
		_WriteReg      		CODE           	1060	0000	148
		_ReadBit       		CODE           	07DA	0000	332
		_WriteBit      		CODE           	0680	0000	346
		_ReadReg       		CODE           	0FC8	0000	152

registers.c estimated size: 978

mcc_generated_files/memory.c
		_DATAEE_WriteByte		CODE           	18A0	0000	62
		_DATAEE_ReadByte		CODE           	1B7C	0000	24

mcc_generated_files/memory.c estimated size: 86

mcc_generated_files/dac1.c
		_DAC1_SetOutput		CODE           	1E0A	0000	8
		_DAC1_Initialize		CODE           	1D2A	0000	12

mcc_generated_files/dac1.c estimated size: 20

mcc_generated_files/adcc.c
		_ADCC_GetConversionResult		CODE           	1B08	0000	32
		_ADCC_StartConversion		CODE           	1C8A	0000	16
		_ADCC_Initialize		CODE           	1918	0000	52
		_ADCC_IsConversionDone		CODE           	1D0E	0000	14

mcc_generated_files/adcc.c estimated size: 114

C:\Program Files\Microchip\xc8\v2.50\pic\sources\c99\common\abort.c
		_abort         		CODE           	1CF2	0000	14

C:\Program Files\Microchip\xc8\v2.50\pic\sources\c99\common\abort.c estimated size: 14

main.c
		_main          		CODE           	170E	0000	70
		_handle_write_cmd		CODE           	117C	0000	134
		_i2c_write_to_slave_cb		CODE           	10F4	0000	136
		_i2c_read_from_slave_cb		CODE           	1202	0000	126
		_handle_read_cmd		CODE           	0C56	0000	222

main.c estimated size: 688

analog.c
		_analog_handler		CODE           	0D34	0000	198
		_analog_set_pos_ref		CODE           	145C	0000	104
		_analog_select_pos_ref_idx		CODE           	1860	0000	64
		_analog_get_adc_val		CODE           	1BAC	0000	24
		_analog_init   		CODE           	1B46	0000	28
		_analog_get_adc_val_idx		CODE           	181E	0000	66

analog.c estimated size: 484

