Microchip MPLAB XC8 Compiler V2.50

Linker command line:

-W-3 \
  --edf=C:\Program Files\Microchip\xc8\v2.50\pic\dat\20240725155939_en.msgs \
  -cn -h+dist/default/production\FancyIOExpander.production.sym \
  --cmf=dist/default/production\FancyIOExpander.production.cmf -z \
  -Q18F24Q10 -oC:\Users\Jimmy\AppData\Local\Temp\xcAsoa8.\driver_tmp_3.o \
  --defsym=__MPLAB_BUILD=1 --fixupoverflow=error \
  -Mdist/default/production/FancyIOExpander.production.map \
  --md=C:\Users\Jimmy\AppData\Local\Temp\xcAsoa8.\driver_tmp_0.dat -E1 \
  -ver=XC8 Compiler --acfsm=1493 -ASTACK=0300h-03FFh -pstack=STACK \
  -ACODE=00h-03FFFh -ACONST=00h-03FFFh -ASMALLCONST=0500h-05FFhx59 \
  -AMEDIUMCONST=0500h-03FFFh -ACOMRAM=01h-05Fh -AABS1=00h-03FFh \
  -ABIGRAM=01h-03FFh -ARAM=060h-0FFh,0100h-01FFhx3 -ABANK0=060h-0FFh \
  -ABANK1=0100h-01FFh -ABANK2=0200h-02FFh -ABANK3=0300h-03FFh \
  -ASFR=0400h-04FFh,0E88h-0EFFh,0F00h-0F5Fh,0F60h-0FFFh \
  -ABIGSFR=0400h-04FFh,0E88h-0FFFh -ACONFIG=0300000h-030000Bh \
  -AIDLOC=0200000h-02000FFh -AEEDATA=0310000h-03100FFh -peeprom_data=EEDATA \
  -preset_vec=00h,intcode=8h,intcodelo,powerup,init -pramtop=0500h \
  -psmallconst=SMALLCONST -pmediumconst=MEDIUMCONST -pconst=CONST \
  -AFARRAM=00h-00h \
  -prdata=COMRAM,nvrram=COMRAM,nvbit=COMRAM,rbss=COMRAM,rbit=COMRAM \
  -pfarbss=FARRAM,fardata=FARRAM,nvFARRAM=FARRAM \
  -pintsave_regs=BIGRAM,bigbss=BIGRAM,bigdata=BIGRAM -pbss=RAM \
  -pidata=CODE,irdata=CODE,ibigdata=CODE,ifardata=CODE -prparam=COMRAM \
  C:\Users\Jimmy\AppData\Local\Temp\xcAsoa8.\driver_tmp_14.o \
  dist/default/production\FancyIOExpander.production.o 

Object code version is 3.11

Machine type is 18F24Q10



                Name                               Link     Load   Length Selector   Space Scale
C:\Users\Jimmy\AppData\Local\Temp\xcAsoa8.\driver_tmp_14.o
                stack                               300      300      100      300       2
                config                           300000   300000        C        0       4
                init                                10C      10C        8        4       0
                reset_vec                             0        0        4        0       0
dist/default/production\FancyIOExpander.production.o
                intcode                               8        8      104        4       0
                config                           300000   300000        C        0       4
                temp                                 37       37       20        1       1
                mediumconst                        3EAE     3EAE      152     1F57       0
                text103                            186E     186E       1E        4       0
                text102                            1B32     1B32        6        4       0
                text101                            1B46     1B46        2        4       0
                text100                            1B2C     1B2C        6        4       0
                text99                              D20      D20       9C        4       0
                text98                             17BE     17BE       2A        4       0
                text97                             1B40     1B40        4        4       0
                text96                             1A4C     1A4C        C        4       0
                text95                             1B26     1B26        6        4       0
                text94                             1B20     1B20        6        4       0
                text93                             1932     1932       14        4       0
                text92                             1764     1764       2E        4       0
                text91                             1ADA     1ADA        A        4       0
                text90                             182C     182C       22        4       0
                text89                             1B1A     1B1A        6        4       0
                text88                             1A40     1A40        C        4       0
                text87                             1A34     1A34        C        4       0
                text86                             1A28     1A28        C        4       0
                text85                             1B14     1B14        6        4       0
                text84                             1B0E     1B0E        6        4       0
                text83                             196A     196A       12        4       0
                text82                             14D6     14D6       48        4       0
                text81                              4EE      4EE      15A        4       0
                text80                              EEC      EEC       94        4       0
                text79                             1736     1736       2E        4       0
                text78                             100E     100E       8C        4       0
                text77                              F80      F80       8E        4       0
                text76                             1AD0     1AD0        A        4       0
                text75                             180A     180A       22        4       0
                text74                             1B3C     1B3C        4        4       0
                text73                             1AF4     1AF4        8        4       0
                text72                             1AC6     1AC6        A        4       0
                text71                              648      648      14C        4       0
                text70                              E54      E54       98        4       0
                text69                             15A6     15A6       42        4       0
                text68                             18D8     18D8       18        4       0
                text67                             1B08     1B08        6        4       0
                text66                              AC4      AC4       F0        4       0
                text65                             109A     109A       84        4       0
                text64                             1434     1434       52        4       0
                text63                             1AEC     1AEC        8        4       0
                text62                             17E8     17E8       22        4       0
                text61                              DBC      DBC       98        4       0
                text59                             16A0     16A0       34        4       0
                text58                             1A1C     1A1C        C        4       0
                text57                             1ABC     1ABC        A        4       0
                text56                             1AB2     1AB2        A        4       0
                text55                             1AA8     1AA8        A        4       0
                text54                             1A9E     1A9E        A        4       0
                text53                             1A94     1A94        A        4       0
                text52                             119A     119A       78        4       0
                text51                             1AE4     1AE4        8        4       0
                text50                             1A0E     1A0E        E        4       0
                text49                             1B38     1B38        4        4       0
                text48                             1958     1958       12        4       0
                text47                             138E     138E       54        4       0
                text46                             199C     199C       10        4       0
                text45                             191C     191C       16        4       0
                text44                             1906     1906       16        4       0
                text43                             18F0     18F0       16        4       0
                text42                             16D4     16D4       32        4       0
                text41                             184E     184E       20        4       0
                text40                             1A00     1A00        E        4       0
                text39                             198C     198C       10        4       0
                text38                              794      794      132        4       0
                text37                             19F2     19F2        E        4       0
                text36                             127C     127C       68        4       0
                text35                              BB4      BB4       C6        4       0
                text34                             1B44     1B44        2        4       0
                text33                             197C     197C       10        4       0
                text32                             18C0     18C0       18        4       0
                text31                             19E4     19E4        E        4       0
                text30                              8C6      8C6      100        4       0
                text29                             1706     1706       30        4       0
                text28                             1666     1666       3A        4       0
                text27                             19D6     19D6        E        4       0
                text26                              9C6      9C6       FE        4       0
                text25                              114      114      3DA        4       0
                text24                             111E     111E       7C        4       0
                text23                             12E4     12E4       56        4       0
                text22                             151E     151E       46        4       0
                text21                             15E8     15E8       40        4       0
                text20                             188C     188C       1C        4       0
                text19                             18A8     18A8       18        4       0
                text18                             19C8     19C8        E        4       0
                text17                             1792     1792       2C        4       0
                text16                             1628     1628       3E        4       0
                text15                             1486     1486       50        4       0
                text14                             1B02     1B02        6        4       0
                text13                              C7A      C7A       A6        4       0
                text12                             1AFC     1AFC        6        4       0
                text11                             1946     1946       12        4       0
                text10                             1A8A     1A8A        A        4       0
                text9                              1A80     1A80        A        4       0
                text8                              1A76     1A76        A        4       0
                text7                              1A6C     1A6C        A        4       0
                text6                              19BA     19BA        E        4       0
                text5                              19AC     19AC        E        4       0
                text4                              1A62     1A62        A        4       0
                text3                              1A58     1A58        A        4       0
                text2                              1212     1212       6A        4       0
                text1                              13E2     13E2       52        4       0
                text0                              133A     133A       54        4       0
                cstackCOMRAM                          1        1       36        1       1
                cstackBANK0                          DA       DA        F       60       1
                bssBANK2                            200      200      100      200       1
                bssBANK1                            100      100       E0      100       1
                bssBANK0                             60       60       7A       60       1
                bssCOMRAM                            57       57        9        1       1
                cinit                              1564     1564       42        4       0
                nvBANK0                              E9       E9        A       60       1

TOTAL           Name                               Link     Load   Length     Space
        CLASS   STACK          
                stack                               300      300      100         2

        CLASS   CODE           
                intcode                               8        8      104         0
                init                                10C      10C        8         0
                reset_vec                             0        0        4         0
                text103                            186E     186E       1E         0
                text102                            1B32     1B32        6         0
                text101                            1B46     1B46        2         0
                text100                            1B2C     1B2C        6         0
                text99                              D20      D20       9C         0
                text98                             17BE     17BE       2A         0
                text97                             1B40     1B40        4         0
                text96                             1A4C     1A4C        C         0
                text95                             1B26     1B26        6         0
                text94                             1B20     1B20        6         0
                text93                             1932     1932       14         0
                text92                             1764     1764       2E         0
                text91                             1ADA     1ADA        A         0
                text90                             182C     182C       22         0
                text89                             1B1A     1B1A        6         0
                text88                             1A40     1A40        C         0
                text87                             1A34     1A34        C         0
                text86                             1A28     1A28        C         0
                text85                             1B14     1B14        6         0
                text84                             1B0E     1B0E        6         0
                text83                             196A     196A       12         0
                text82                             14D6     14D6       48         0
                text81                              4EE      4EE      15A         0
                text80                              EEC      EEC       94         0
                text79                             1736     1736       2E         0
                text78                             100E     100E       8C         0
                text77                              F80      F80       8E         0
                text76                             1AD0     1AD0        A         0
                text75                             180A     180A       22         0
                text74                             1B3C     1B3C        4         0
                text73                             1AF4     1AF4        8         0
                text72                             1AC6     1AC6        A         0
                text71                              648      648      14C         0
                text70                              E54      E54       98         0
                text69                             15A6     15A6       42         0
                text68                             18D8     18D8       18         0
                text67                             1B08     1B08        6         0
                text66                              AC4      AC4       F0         0
                text65                             109A     109A       84         0
                text64                             1434     1434       52         0
                text63                             1AEC     1AEC        8         0
                text62                             17E8     17E8       22         0
                text61                              DBC      DBC       98         0
                text59                             16A0     16A0       34         0
                text58                             1A1C     1A1C        C         0
                text57                             1ABC     1ABC        A         0
                text56                             1AB2     1AB2        A         0
                text55                             1AA8     1AA8        A         0
                text54                             1A9E     1A9E        A         0
                text53                             1A94     1A94        A         0
                text52                             119A     119A       78         0
                text51                             1AE4     1AE4        8         0
                text50                             1A0E     1A0E        E         0
                text49                             1B38     1B38        4         0
                text48                             1958     1958       12         0
                text47                             138E     138E       54         0
                text46                             199C     199C       10         0
                text45                             191C     191C       16         0
                text44                             1906     1906       16         0
                text43                             18F0     18F0       16         0
                text42                             16D4     16D4       32         0
                text41                             184E     184E       20         0
                text40                             1A00     1A00        E         0
                text39                             198C     198C       10         0
                text38                              794      794      132         0
                text37                             19F2     19F2        E         0
                text36                             127C     127C       68         0
                text35                              BB4      BB4       C6         0
                text34                             1B44     1B44        2         0
                text33                             197C     197C       10         0
                text32                             18C0     18C0       18         0
                text31                             19E4     19E4        E         0
                text30                              8C6      8C6      100         0
                text29                             1706     1706       30         0
                text28                             1666     1666       3A         0
                text27                             19D6     19D6        E         0
                text26                              9C6      9C6       FE         0
                text25                              114      114      3DA         0
                text24                             111E     111E       7C         0
                text23                             12E4     12E4       56         0
                text22                             151E     151E       46         0
                text21                             15E8     15E8       40         0
                text20                             188C     188C       1C         0
                text19                             18A8     18A8       18         0
                text18                             19C8     19C8        E         0
                text17                             1792     1792       2C         0
                text16                             1628     1628       3E         0
                text15                             1486     1486       50         0
                text14                             1B02     1B02        6         0
                text13                              C7A      C7A       A6         0
                text12                             1AFC     1AFC        6         0
                text11                             1946     1946       12         0
                text10                             1A8A     1A8A        A         0
                text9                              1A80     1A80        A         0
                text8                              1A76     1A76        A         0
                text7                              1A6C     1A6C        A         0
                text6                              19BA     19BA        E         0
                text5                              19AC     19AC        E         0
                text4                              1A62     1A62        A         0
                text3                              1A58     1A58        A         0
                text2                              1212     1212       6A         0
                text1                              13E2     13E2       52         0
                text0                              133A     133A       54         0
                cinit                              1564     1564       42         0

        CLASS   CONST          

        CLASS   SMALLCONST     

        CLASS   MEDIUMCONST    
                mediumconst                        3EAE     3EAE      152         0

        CLASS   COMRAM         
                temp                                 37       37       20         1
                cstackCOMRAM                          1        1       36         1
                bssCOMRAM                            57       57        9         1

        CLASS   ABS1           

        CLASS   BIGRAM         

        CLASS   RAM            

        CLASS   BANK0          
                cstackBANK0                          DA       DA        F         1
                bssBANK0                             60       60       7A         1
                nvBANK0                              E9       E9        A         1

        CLASS   BANK1          
                bssBANK1                            100      100       E0         1

        CLASS   BANK2          
                bssBANK2                            200      200      100         1

        CLASS   BANK3          

        CLASS   SFR            

        CLASS   BIGSFR         

        CLASS   CONFIG         
                config                           300000   300000        C         4

        CLASS   IDLOC          

        CLASS   EEDATA         

        CLASS   FARRAM         

        CLASS   HEAP           



SEGMENTS        Name                           Load    Length   Top    Selector   Space  Class

                reset_vec                      000000  000004  000004         0       0  CODE    
                cstackCOMRAM                   000001  00005F  000060         1       1  COMRAM  
                intcode                        000008  001B40  001B48         4       0  CODE    
                bssBANK0                       000060  000093  0000F3        60       1  BANK0   
                bssBANK1                       000100  0000E0  0001E0       100       1  BANK1   
                bssBANK2                       000200  000100  000300       200       1  BANK2   
                stack                          000300  000100  000400       300       2  STACK   
                mediumconst                    003EAE  000152  004000      1F57       0  MEDIUMCO


UNUSED ADDRESS RANGES

        Name                Unused          Largest block    Delta
        BANK0            0000F3-0000FF                D
        BANK1            0001E0-0001FF               20
        BANK3            000300-0003FF              100
        BIGRAM           0000F3-0000FF                D
                         0001E0-0001FF               20
                         000300-0003FF              100
        BIGSFR           000400-0004FF              100
                         000E88-000FFF              178
        CODE             000004-000007                4
                         001B48-003EAD             2366
        CONST            000004-000007                4
                         001B48-003EAD             2366
        EEDATA           310000-3100FF              100
        IDLOC            200000-2000FF              100
        MEDIUMCONST      001B48-003EAD             2366
        RAM              0000F3-0000FF                D
                         0001E0-0001FF               20
                         000300-0003FF              100
        SFR              000400-0004FF              100
                         000E88-000FFF               78
        SMALLCONST       001B48-003EAD              100

                                  Symbol Table

?_ADCC_GetConversionResult                      cstackBANK0  0000DA
?_analog_get_adc_val                            cstackCOMRAM 000004
?_analog_get_adc_val_idx                        cstackCOMRAM 000001
ADCC_StartConversion@channel                    cstackBANK0  0000DA
DATAEE_ReadByte@bAdd                            cstackBANK0  0000DA
DATAEE_WriteByte@GIEBitValue                    cstackBANK0  0000DC
DATAEE_WriteByte@bAdd                           cstackBANK0  0000DB
DATAEE_WriteByte@bData                          cstackBANK0  0000DA
EUSART1_SetErrorHandler@interruptHandler        cstackBANK0  0000DA
EUSART1_SetFramingErrorHandler@interruptHandler cstackBANK0  0000DA
EUSART1_SetOverrunErrorHandler@interruptHandler cstackBANK0  0000DA
EUSART1_SetRxInterruptHandler@interruptHandler  cstackBANK0  0000DA
EUSART1_SetTxInterruptHandler@interruptHandler  cstackBANK0  0000DA
I2C1_SlaveSendTxData@data                       cstackCOMRAM 000001
I2C1_SlaveSetAddrIntHandler@handler             cstackBANK0  0000DA
I2C1_SlaveSetBusColIntHandler@handler           cstackBANK0  0000DA
I2C1_SlaveSetIsrHandler@handler                 cstackBANK0  0000DA
I2C1_SlaveSetReadIntHandler@handler             cstackBANK0  0000DA
I2C1_SlaveSetSlaveAddr@slaveAddr                cstackBANK0  0000DA
I2C1_SlaveSetSlaveMask@maskAddr                 cstackBANK0  0000DA
I2C1_SlaveSetWrColIntHandler@handler            cstackBANK0  0000DA
I2C1_SlaveSetWriteIntHandler@handler            cstackBANK0  0000DA
I2C1_Write@data                                 cstackCOMRAM 000002
MasterR_SlaveW@res                              cstackCOMRAM 00001F
MasterR_SlaveW@tmp                              cstackCOMRAM 000020
MasterW_SlaveR@rb                               cstackCOMRAM 00001D
MasterW_SlaveR@res                              cstackCOMRAM 00001C
ReadBit@pin                                     cstackCOMRAM 00000B
ReadBit@pinNo                                   cstackCOMRAM 000002
ReadBit@portData                                cstackCOMRAM 000009
ReadBit@portMask                                cstackCOMRAM 00000A
ReadBit@portNo                                  cstackCOMRAM 000001
ReadBit@reg                                     cstackCOMRAM 000007
ReadBit@regNo                                   cstackCOMRAM 00000D
ReadReg@dst                                     cstackCOMRAM 00000F
ReadReg@p                                       cstackCOMRAM 000012
ReadReg@portNo                                  cstackCOMRAM 00000E
ReadReg@regNo                                   cstackCOMRAM 000011
ReadReg@tmp                                     cstackCOMRAM 000010
WriteBit@pin                                    cstackCOMRAM 000009
WriteBit@pinNo                                  cstackCOMRAM 000002
WriteBit@portData                               cstackCOMRAM 000008
WriteBit@portMask                               cstackCOMRAM 00000D
WriteBit@portNo                                 cstackCOMRAM 000001
WriteBit@reg                                    cstackCOMRAM 00000B
WriteBit@regNo                                  cstackCOMRAM 00000E
WriteBit@value                                  cstackCOMRAM 000003
WriteReg@p                                      cstackCOMRAM 000012
WriteReg@portNo                                 cstackCOMRAM 00000F
WriteReg@regNo                                  cstackCOMRAM 000011
WriteReg@value                                  cstackCOMRAM 000010
_ADACCH                                         (abs)        000F6C
_ADACCL                                         (abs)        000F6B
_ADACQ                                          (abs)        000F57
_ADACT                                          (abs)        000F51
_ADCAP                                          (abs)        000F58
_ADCC_GetConversionResult                       text41       00184E
_ADCC_Initialize                                text59       0016A0
_ADCC_IsConversionDone                          text40       001A00
_ADCC_StartConversion                           text39       00198C
_ADCLK                                          (abs)        000F52
_ADCNT                                          (abs)        000F62
_ADCON0                                         (abs)        000F5B
_ADCON0bits                                     (abs)        000F5B
_ADCON1                                         (abs)        000F54
_ADCON1bits                                     (abs)        000F54
_ADCON2                                         (abs)        000F55
_ADCON2bits                                     (abs)        000F55
_ADCON3                                         (abs)        000F56
_ADCON3bits                                     (abs)        000F56
_ADERRH                                         (abs)        000F6A
_ADERRL                                         (abs)        000F69
_ADFLTRH                                        (abs)        000F6E
_ADFLTRL                                        (abs)        000F6D
_ADLTHH                                         (abs)        000F66
_ADLTHL                                         (abs)        000F65
_ADPCH                                          (abs)        000F5A
_ADPRE                                          (abs)        000F59
_ADPREVH                                        (abs)        000F5D
_ADPREVL                                        (abs)        000F5C
_ADREF                                          (abs)        000F53
_ADRESH                                         (abs)        000F5F
_ADRESL                                         (abs)        000F5E
_ADRPT                                          (abs)        000F61
_ADSTAT                                         (abs)        000F60
_ADSTATbits                                     (abs)        000F60
_ADSTPTH                                        (abs)        000F64
_ADSTPTL                                        (abs)        000F63
_ADUTHH                                         (abs)        000F68
_ADUTHL                                         (abs)        000F67
_ANSELA                                         (abs)        000F0C
_ANSELB                                         (abs)        000F14
_ANSELC                                         (abs)        000F1C
_BAUD1CON                                       (abs)        000F9E
_CCPTMRSbits                                    (abs)        000FAD
_DAC1CON0                                       (abs)        000F2E
_DAC1CON1                                       (abs)        000F2F
_DAC1_Initialize                                text58       001A1C
_DATAEE_ReadByte                                text19       0018A8
_DATAEE_WriteByte                               text16       001628
_E2_Changes                                     bssBANK0     000091
_E2_DATA                                        bssBANK2     000200
_EUSART1_DefaultErrorHandler                    text102      001B32
_EUSART1_DefaultFramingErrorHandler             text101      001B46
_EUSART1_DefaultOverrunErrorHandler             text100      001B2C
_EUSART1_ErrorHandler                           nvBANK0      0000E9
_EUSART1_FramingErrorHandler                    nvBANK0      0000ED
_EUSART1_Initialize                             text52       00119A
_EUSART1_OverrunErrorHandler                    nvBANK0      0000EB
_EUSART1_Receive_ISR                            text99       000D20
_EUSART1_RxDataHandler                          text103      00186E
_EUSART1_RxDefaultInterruptHandler              nvBANK0      0000EF
_EUSART1_SetErrorHandler                        text57       001ABC
_EUSART1_SetFramingErrorHandler                 text56       001AB2
_EUSART1_SetOverrunErrorHandler                 text55       001AA8
_EUSART1_SetRxInterruptHandler                  text54       001A9E
_EUSART1_SetTxInterruptHandler                  text53       001A94
_EUSART1_Transmit_ISR                           text98       0017BE
_EUSART1_TxDefaultInterruptHandler              nvBANK0      0000F1
_EUSART1_Write                                  text28       001666
_FVRCON                                         (abs)        000F2C
_FVRCONbits                                     (abs)        000F2C
_FVR_Initialize                                 text51       001AE4
_FVR_IsOutputReady                              text37       0019F2
_I2C1_Initialize                                text50       001A0E
_I2C1_IsRead                                    text95       001B26
_I2C1_Isr                                       text61       000DBC
_I2C1_Open                                      text2        001212
_I2C1_Read                                      text94       001B20
_I2C1_SendNack                                  text84       001B0E
_I2C1_SlaveAddrCallBack                         text90       00182C
_I2C1_SlaveAddrInterruptHandler                 bssBANK0     0000C5
_I2C1_SlaveBusColInterruptHandler               bssBANK0     0000C3
_I2C1_SlaveClearIrq                             text89       001B1A
_I2C1_SlaveDefAddrInterruptHandler              text91       001ADA
_I2C1_SlaveDefBusColInterruptHandler            (abs)        000000
_I2C1_SlaveDefRdInterruptHandler                text76       001AD0
_I2C1_SlaveDefWrColInterruptHandler             (abs)        000000
_I2C1_SlaveDefWrInterruptHandler                text63       001AEC
_I2C1_SlaveEnableIrq                            text12       001AFC
_I2C1_SlaveGetRxData                            text97       001B40
_I2C1_SlaveIsAddr                               text88       001A40
_I2C1_SlaveIsRead                               text96       001A4C
_I2C1_SlaveIsRxBufFull                          text87       001A34
_I2C1_SlaveIsTxBufEmpty                         text86       001A28
_I2C1_SlaveOpen                                 text11       001946
_I2C1_SlaveRdCallBack                           text75       00180A
_I2C1_SlaveRdInterruptHandler                   bssBANK0     0000C9
_I2C1_SlaveReleaseClock                         text74       001B3C
_I2C1_SlaveSendNack                             text85       001B14
_I2C1_SlaveSendTxData                           text73       001AF4
_I2C1_SlaveSetAddrIntHandler                    text10       001A8A
_I2C1_SlaveSetBusColIntHandler                  text9        001A80
_I2C1_SlaveSetIsrHandler                        text8        001A76
_I2C1_SlaveSetReadIntHandler                    text7        001A6C
_I2C1_SlaveSetSlaveAddr                         text6        0019BA
_I2C1_SlaveSetSlaveMask                         text5        0019AC
_I2C1_SlaveSetWrColIntHandler                   text4        001A62
_I2C1_SlaveSetWriteIntHandler                   text3        001A58
_I2C1_SlaveWrCallBack                           text62       0017E8
_I2C1_SlaveWrColInterruptHandler                bssBANK0     0000C1
_I2C1_SlaveWrInterruptHandler                   bssBANK0     0000C7
_I2C1_Write                                     text72       001AC6
_INLVLA                                         (abs)        000F08
_INLVLB                                         (abs)        000F10
_INLVLC                                         (abs)        000F18
_INLVLE                                         (abs)        000F25
_INTCONbits                                     (abs)        000FF2
_INTERRUPT_Initialize                           text49       001B38
_INTERRUPT_InterruptManager                     intcode      000008
_IOCAF                                          (abs)        000F05
_IOCAN                                          (abs)        000F06
_IOCAP                                          (abs)        000F07
_LATA                                           (abs)        000F82
_LATB                                           (abs)        000F83
_LATC                                           (abs)        000F84
_MSSP1_InterruptHandler                         bssBANK0     0000CB
_MasterR_SlaveW                                 text64       001434
_MasterW_SlaveR                                 text77       000F80
_NVMADRH                                        (abs)        000F7A
_NVMADRL                                        (abs)        000F79
_NVMADRU                                        (abs)        000F7B
_NVMCON0bits                                    (abs)        000F7F
_NVMCON1bits                                    (abs)        000F80
_NVMCON2                                        (abs)        000F81
_NVMDATH                                        (abs)        000F7D
_NVMDATL                                        (abs)        000F7C
_ODCONA                                         (abs)        000F0A
_ODCONB                                         (abs)        000F12
_ODCONC                                         (abs)        000F1A
_OSCCON1                                        (abs)        000ED3
_OSCCON3                                        (abs)        000ED5
_OSCEN                                          (abs)        000ED7
_OSCFRQ                                         (abs)        000ED9
_OSCILLATOR_Initialize                          text48       001958
_OSCTUNE                                        (abs)        000ED8
_PIE3bits                                       (abs)        000EC0
_PINS                                           mediumconst  003ED0
_PIN_MANAGER_Initialize                         text47       00138E
_PIR3bits                                       (abs)        000EC8
_PIR4bits                                       (abs)        000EC9
_PIR7bits                                       (abs)        000ECC
_PMD0                                           (abs)        000EDC
_PMD1                                           (abs)        000EDD
_PMD2                                           (abs)        000EDE
_PMD3                                           (abs)        000EDF
_PMD4                                           (abs)        000EE0
_PMD5                                           (abs)        000EE1
_PMD_Initialize                                 text46       00199C
_PORTA                                          (abs)        000F8C
_PR2                                            (abs)        000FBB
_PWM3CON                                        (abs)        000FA4
_PWM3DCH                                        (abs)        000FA3
_PWM3DCL                                        (abs)        000FA2
_PWM3_Initialize                                text45       00191C
_PWM4CON                                        (abs)        000FA1
_PWM4DCH                                        (abs)        000FA0
_PWM4DCL                                        (abs)        000F9F
_PWM4_Initialize                                text44       001906
_RB5PPS                                         (abs)        000EEF
_RC1REG                                         (abs)        000F98
_RC1STA                                         (abs)        000F9C
_RC1STAbits                                     (abs)        000F9C
_RC3PPS                                         (abs)        000EF5
_RC4PPS                                         (abs)        000EF6
_RX1PPS                                         (abs)        000EB0
_ReadBit                                        text71       000648
_ReadReg                                        text70       000E54
_Registers                                      mediumconst  003EAF
_SLRCONA                                        (abs)        000F09
_SLRCONB                                        (abs)        000F11
_SLRCONC                                        (abs)        000F19
_SP1BRGH                                        (abs)        000F9B
_SP1BRGL                                        (abs)        000F9A
_SSP1ADD                                        (abs)        000F92
_SSP1BUF                                        (abs)        000F91
_SSP1CON1                                       (abs)        000F95
_SSP1CON1bits                                   (abs)        000F95
_SSP1CON2                                       (abs)        000F96
_SSP1CON2bits                                   (abs)        000F96
_SSP1CON3bits                                   (abs)        000F97
_SSP1MSK                                        (abs)        000F93
_SSP1STAT                                       (abs)        000F94
_SSP1STATbits                                   (abs)        000F94
_SSPCLKPPS                                      (abs)        000EB2
_SSPDATPPS                                      (abs)        000EB3
_SYSTEM_Initialize                              text42       0016D4
_SlaveRdDevAddrFromBus                          text92       001764
_T2CLKCON                                       (abs)        000FBE
_T2CON                                          (abs)        000FBC
_T2CONbits                                      (abs)        000FBC
_T2HLT                                          (abs)        000FBD
_T2HLTbits                                      (abs)        000FBD
_T2PR                                           (abs)        000FBB
_T2RST                                          (abs)        000FBF
_T2RSTbits                                      (abs)        000FBF
_T2TMR                                          (abs)        000FBA
_TABLAT                                         (abs)        000FF5
_TBLPTRH                                        (abs)        000FF7
_TBLPTRL                                        (abs)        000FF6
_TBLPTRU                                        (abs)        000FF8
_TMR2                                           (abs)        000FBA
_TMR2_Initialize                                text43       0018F0
_TRISA                                          (abs)        000F87
_TRISB                                          (abs)        000F88
_TRISC                                          (abs)        000F89
_TX1REG                                         (abs)        000F99
_TX1STA                                         (abs)        000F9D
_TX1STAbits                                     (abs)        000F9D
_TestForStopBit                                 text93       001932
_WPUA                                           (abs)        000F0B
_WPUB                                           (abs)        000F13
_WPUC                                           (abs)        000F1B
_WPUE                                           (abs)        000F28
_WriteBit                                       text81       0004EE
_WriteReg                                       text80       000EEC
__Exit                                          text34       001B44
__HRAM                                          (abs)        000000
__H__absolute__                                 __absolute__ 000000
__Habs1                                         abs1         000000
__Hbank0                                        bank0        000000
__Hbank1                                        bank1        000000
__Hbank2                                        bank2        000000
__Hbank3                                        bank3        000000
__Hbigbss                                       bigbss       000000
__Hbigdata                                      bigdata      000000
__Hbigram                                       bigram       000000
__Hbigsfr                                       bigsfr       000000
__Hbss                                          bss          000000
__HbssBANK0                                     bssBANK0     000000
__HbssBANK1                                     bssBANK1     000000
__HbssBANK2                                     bssBANK2     000000
__HbssCOMRAM                                    bssCOMRAM    000000
__Hcinit                                        cinit        000000
__Hclrtext                                      clrtext      000000
__Hcomram                                       comram       000000
__Hconfig                                       config       30000C
__Hconst                                        const        000000
__HcstackBANK0                                  cstackBANK0  000000
__HcstackCOMRAM                                 cstackCOMRAM 000000
__Hdata                                         data         000000
__Heeprom_data                                  eeprom_data  000000
__Hfarbss                                       farbss       000000
__Hfardata                                      fardata      000000
__Hheap                                         heap         000000
__Hibigdata                                     ibigdata     000000
__Hidata                                        idata        000000
__Hidloc                                        idloc        000000
__Hifardata                                     ifardata     000000
__Hinit                                         init         000114
__Hintcode                                      intcode      00010C
__Hintcode_body                                 intcode_body 000000
__Hintcodelo                                    intcodelo    00010C
__Hintentry                                     intentry     000000
__Hintret                                       intret       000000
__Hintsave_regs                                 intsave_regs 000000
__Hirdata                                       irdata       000000
__Hmediumconst                                  mediumconst  004000
__HnvBANK0                                      nvBANK0      000000
__HnvFARRAM                                     nvFARRAM     000000
__Hnvbit                                        nvbit        000000
__Hnvrram                                       nvrram       000000
__Hparam                                        rparam       000000
__Hpowerup                                      powerup      00010C
__Hram                                          ram          000000
__Hramtop                                       ramtop       000500
__Hrbit                                         rbit         000000
__Hrbss                                         rbss         000000
__Hrdata                                        rdata        000000
__Hreset_vec                                    reset_vec    000004
__Hrparam                                       rparam       000000
__Hsfr                                          sfr          000000
__Hsivt_hi                                      sivt_hi      000000
__Hsivt_lo                                      sivt_lo      000000
__Hsmallconst                                   smallconst   000000
__Hspace_0                                      (abs)        004000
__Hspace_1                                      (abs)        000300
__Hspace_2                                      (abs)        000400
__Hspace_4                                      (abs)        60000C
__Hstack                                        stack        000400
__Hstruct                                       struct       000000
__Htemp                                         temp         000057
__Htext                                         text         000000
__Htext0                                        text0        000000
__Htext1                                        text1        000000
__Htext10                                       text10       000000
__Htext100                                      text100      000000
__Htext101                                      text101      000000
__Htext102                                      text102      000000
__Htext103                                      text103      000000
__Htext11                                       text11       000000
__Htext12                                       text12       000000
__Htext13                                       text13       000000
__Htext14                                       text14       000000
__Htext15                                       text15       000000
__Htext16                                       text16       000000
__Htext17                                       text17       000000
__Htext18                                       text18       000000
__Htext19                                       text19       000000
__Htext2                                        text2        000000
__Htext20                                       text20       000000
__Htext21                                       text21       000000
__Htext22                                       text22       000000
__Htext23                                       text23       000000
__Htext24                                       text24       000000
__Htext25                                       text25       000000
__Htext26                                       text26       000000
__Htext27                                       text27       000000
__Htext28                                       text28       000000
__Htext29                                       text29       000000
__Htext3                                        text3        000000
__Htext30                                       text30       000000
__Htext31                                       text31       000000
__Htext32                                       text32       000000
__Htext33                                       text33       000000
__Htext34                                       text34       000000
__Htext35                                       text35       000000
__Htext36                                       text36       000000
__Htext37                                       text37       000000
__Htext38                                       text38       000000
__Htext39                                       text39       000000
__Htext4                                        text4        000000
__Htext40                                       text40       000000
__Htext41                                       text41       000000
__Htext42                                       text42       000000
__Htext43                                       text43       000000
__Htext44                                       text44       000000
__Htext45                                       text45       000000
__Htext46                                       text46       000000
__Htext47                                       text47       000000
__Htext48                                       text48       000000
__Htext49                                       text49       000000
__Htext5                                        text5        000000
__Htext50                                       text50       000000
__Htext51                                       text51       000000
__Htext52                                       text52       000000
__Htext53                                       text53       000000
__Htext54                                       text54       000000
__Htext55                                       text55       000000
__Htext56                                       text56       000000
__Htext57                                       text57       000000
__Htext58                                       text58       000000
__Htext59                                       text59       000000
__Htext6                                        text6        000000
__Htext61                                       text61       000000
__Htext62                                       text62       000000
__Htext63                                       text63       000000
__Htext64                                       text64       000000
__Htext65                                       text65       000000
__Htext66                                       text66       000000
__Htext67                                       text67       000000
__Htext68                                       text68       000000
__Htext69                                       text69       000000
__Htext7                                        text7        000000
__Htext70                                       text70       000000
__Htext71                                       text71       000000
__Htext72                                       text72       000000
__Htext73                                       text73       000000
__Htext74                                       text74       000000
__Htext75                                       text75       000000
__Htext76                                       text76       000000
__Htext77                                       text77       000000
__Htext78                                       text78       000000
__Htext79                                       text79       000000
__Htext8                                        text8        000000
__Htext80                                       text80       000000
__Htext81                                       text81       000000
__Htext82                                       text82       000000
__Htext83                                       text83       000000
__Htext84                                       text84       000000
__Htext85                                       text85       000000
__Htext86                                       text86       000000
__Htext87                                       text87       000000
__Htext88                                       text88       000000
__Htext89                                       text89       000000
__Htext9                                        text9        000000
__Htext90                                       text90       000000
__Htext91                                       text91       000000
__Htext92                                       text92       000000
__Htext93                                       text93       000000
__Htext94                                       text94       000000
__Htext95                                       text95       000000
__Htext96                                       text96       000000
__Htext97                                       text97       000000
__Htext98                                       text98       000000
__Htext99                                       text99       000000
__LRAM                                          (abs)        000001
__L__absolute__                                 __absolute__ 000000
__Labs1                                         abs1         000000
__Lbank0                                        bank0        000000
__Lbank1                                        bank1        000000
__Lbank2                                        bank2        000000
__Lbank3                                        bank3        000000
__Lbigbss                                       bigbss       000000
__Lbigdata                                      bigdata      000000
__Lbigram                                       bigram       000000
__Lbigsfr                                       bigsfr       000000
__Lbss                                          bss          000000
__LbssBANK0                                     bssBANK0     000000
__LbssBANK1                                     bssBANK1     000000
__LbssBANK2                                     bssBANK2     000000
__LbssCOMRAM                                    bssCOMRAM    000000
__Lcinit                                        cinit        000000
__Lclrtext                                      clrtext      000000
__Lcomram                                       comram       000000
__Lconfig                                       config       000000
__Lconst                                        const        000000
__LcstackBANK0                                  cstackBANK0  000000
__LcstackCOMRAM                                 cstackCOMRAM 000000
__Ldata                                         data         000000
__Leeprom_data                                  eeprom_data  000000
__Lfarbss                                       farbss       000000
__Lfardata                                      fardata      000000
__Lheap                                         heap         000000
__Libigdata                                     ibigdata     000000
__Lidata                                        idata        000000
__Lidloc                                        idloc        000000
__Lifardata                                     ifardata     000000
__Linit                                         init         00010C
__Lintcode                                      intcode      000008
__Lintcode_body                                 intcode_body 000000
__Lintcodelo                                    intcodelo    00010C
__Lintentry                                     intentry     000000
__Lintret                                       intret       000000
__Lintsave_regs                                 intsave_regs 000000
__Lirdata                                       irdata       000000
__Lmediumconst                                  mediumconst  003EAE
__LnvBANK0                                      nvBANK0      000000
__LnvFARRAM                                     nvFARRAM     000000
__Lnvbit                                        nvbit        000000
__Lnvrram                                       nvrram       000000
__Lparam                                        rparam       000000
__Lpowerup                                      powerup      00010C
__Lram                                          ram          000000
__Lramtop                                       ramtop       000500
__Lrbit                                         rbit         000000
__Lrbss                                         rbss         000000
__Lrdata                                        rdata        000000
__Lreset_vec                                    reset_vec    000000
__Lrparam                                       rparam       000000
__Lsfr                                          sfr          000000
__Lsivt_hi                                      sivt_hi      000000
__Lsivt_lo                                      sivt_lo      000000
__Lsmallconst                                   smallconst   000000
__Lspace_0                                      (abs)        000000
__Lspace_1                                      (abs)        000000
__Lspace_2                                      (abs)        000000
__Lspace_4                                      (abs)        000000
__Lstack                                        stack        000300
__Lstruct                                       struct       000000
__Ltemp                                         temp         000037
__Ltext                                         text         000000
__Ltext0                                        text0        000000
__Ltext1                                        text1        000000
__Ltext10                                       text10       000000
__Ltext100                                      text100      000000
__Ltext101                                      text101      000000
__Ltext102                                      text102      000000
__Ltext103                                      text103      000000
__Ltext11                                       text11       000000
__Ltext12                                       text12       000000
__Ltext13                                       text13       000000
__Ltext14                                       text14       000000
__Ltext15                                       text15       000000
__Ltext16                                       text16       000000
__Ltext17                                       text17       000000
__Ltext18                                       text18       000000
__Ltext19                                       text19       000000
__Ltext2                                        text2        000000
__Ltext20                                       text20       000000
__Ltext21                                       text21       000000
__Ltext22                                       text22       000000
__Ltext23                                       text23       000000
__Ltext24                                       text24       000000
__Ltext25                                       text25       000000
__Ltext26                                       text26       000000
__Ltext27                                       text27       000000
__Ltext28                                       text28       000000
__Ltext29                                       text29       000000
__Ltext3                                        text3        000000
__Ltext30                                       text30       000000
__Ltext31                                       text31       000000
__Ltext32                                       text32       000000
__Ltext33                                       text33       000000
__Ltext34                                       text34       000000
__Ltext35                                       text35       000000
__Ltext36                                       text36       000000
__Ltext37                                       text37       000000
__Ltext38                                       text38       000000
__Ltext39                                       text39       000000
__Ltext4                                        text4        000000
__Ltext40                                       text40       000000
__Ltext41                                       text41       000000
__Ltext42                                       text42       000000
__Ltext43                                       text43       000000
__Ltext44                                       text44       000000
__Ltext45                                       text45       000000
__Ltext46                                       text46       000000
__Ltext47                                       text47       000000
__Ltext48                                       text48       000000
__Ltext49                                       text49       000000
__Ltext5                                        text5        000000
__Ltext50                                       text50       000000
__Ltext51                                       text51       000000
__Ltext52                                       text52       000000
__Ltext53                                       text53       000000
__Ltext54                                       text54       000000
__Ltext55                                       text55       000000
__Ltext56                                       text56       000000
__Ltext57                                       text57       000000
__Ltext58                                       text58       000000
__Ltext59                                       text59       000000
__Ltext6                                        text6        000000
__Ltext61                                       text61       000000
__Ltext62                                       text62       000000
__Ltext63                                       text63       000000
__Ltext64                                       text64       000000
__Ltext65                                       text65       000000
__Ltext66                                       text66       000000
__Ltext67                                       text67       000000
__Ltext68                                       text68       000000
__Ltext69                                       text69       000000
__Ltext7                                        text7        000000
__Ltext70                                       text70       000000
__Ltext71                                       text71       000000
__Ltext72                                       text72       000000
__Ltext73                                       text73       000000
__Ltext74                                       text74       000000
__Ltext75                                       text75       000000
__Ltext76                                       text76       000000
__Ltext77                                       text77       000000
__Ltext78                                       text78       000000
__Ltext79                                       text79       000000
__Ltext8                                        text8        000000
__Ltext80                                       text80       000000
__Ltext81                                       text81       000000
__Ltext82                                       text82       000000
__Ltext83                                       text83       000000
__Ltext84                                       text84       000000
__Ltext85                                       text85       000000
__Ltext86                                       text86       000000
__Ltext87                                       text87       000000
__Ltext88                                       text88       000000
__Ltext89                                       text89       000000
__Ltext9                                        text9        000000
__Ltext90                                       text90       000000
__Ltext91                                       text91       000000
__Ltext92                                       text92       000000
__Ltext93                                       text93       000000
__Ltext94                                       text94       000000
__Ltext95                                       text95       000000
__Ltext96                                       text96       000000
__Ltext97                                       text97       000000
__Ltext98                                       text98       000000
__Ltext99                                       text99       000000
__S0                                            (abs)        004000
__S1                                            (abs)        000300
__S2                                            (abs)        000400
__S4                                            (abs)        000000
__S5                                            (abs)        000000
___assert_fail                                  text22       00151E
___awdiv                                        text38       000794
___awmod                                        text30       0008C6
___funcs_on_exit                                text33       00197C
___heap_hi                                      (abs)        000000
___heap_lo                                      (abs)        000000
___inthi_sp                                     stack        000380
___inthi_stack_hi                               stack        000400
___inthi_stack_lo                               stack        000380
___intlo_sp                                     stack        000400
___param_bank                                   (abs)        000000
___rparam_used                                  (abs)        000001
___sp                                           stack        000300
___stack_hi                                     stack        000380
___stack_lo                                     stack        000300
__accesstop                                     (abs)        000060
__activetblptr                                  (abs)        000002
__end_of_ADCC_GetConversionResult               text41       00186E
__end_of_ADCC_Initialize                        text59       0016D4
__end_of_ADCC_IsConversionDone                  text40       001A0E
__end_of_ADCC_StartConversion                   text39       00199C
__end_of_DAC1_Initialize                        text58       001A28
__end_of_DATAEE_ReadByte                        text19       0018C0
__end_of_DATAEE_WriteByte                       text16       001666
__end_of_EUSART1_DefaultErrorHandler            text102      001B38
__end_of_EUSART1_DefaultFramingErrorHandler     text101      001B48
__end_of_EUSART1_DefaultOverrunErrorHandler     text100      001B32
__end_of_EUSART1_Initialize                     text52       001212
__end_of_EUSART1_Receive_ISR                    text99       000DBC
__end_of_EUSART1_RxDataHandler                  text103      00188C
__end_of_EUSART1_SetErrorHandler                text57       001AC6
__end_of_EUSART1_SetFramingErrorHandler         text56       001ABC
__end_of_EUSART1_SetOverrunErrorHandler         text55       001AB2
__end_of_EUSART1_SetRxInterruptHandler          text54       001AA8
__end_of_EUSART1_SetTxInterruptHandler          text53       001A9E
__end_of_EUSART1_Transmit_ISR                   text98       0017E8
__end_of_EUSART1_Write                          text28       0016A0
__end_of_FVR_Initialize                         text51       001AEC
__end_of_FVR_IsOutputReady                      text37       001A00
__end_of_I2C1_Initialize                        text50       001A1C
__end_of_I2C1_IsRead                            text95       001B2C
__end_of_I2C1_Isr                               text61       000E54
__end_of_I2C1_Open                              text2        00127C
__end_of_I2C1_Read                              text94       001B26
__end_of_I2C1_SendNack                          text84       001B14
__end_of_I2C1_SlaveAddrCallBack                 text90       00184E
__end_of_I2C1_SlaveClearIrq                     text89       001B20
__end_of_I2C1_SlaveDefAddrInterruptHandler      text91       001AE4
__end_of_I2C1_SlaveDefRdInterruptHandler        text76       001ADA
__end_of_I2C1_SlaveDefWrInterruptHandler        text63       001AF4
__end_of_I2C1_SlaveEnableIrq                    text12       001B02
__end_of_I2C1_SlaveGetRxData                    text97       001B44
__end_of_I2C1_SlaveIsAddr                       text88       001A4C
__end_of_I2C1_SlaveIsRead                       text96       001A58
__end_of_I2C1_SlaveIsRxBufFull                  text87       001A40
__end_of_I2C1_SlaveIsTxBufEmpty                 text86       001A34
__end_of_I2C1_SlaveOpen                         text11       001958
__end_of_I2C1_SlaveRdCallBack                   text75       00182C
__end_of_I2C1_SlaveReleaseClock                 text74       001B40
__end_of_I2C1_SlaveSendNack                     text85       001B1A
__end_of_I2C1_SlaveSendTxData                   text73       001AFC
__end_of_I2C1_SlaveSetAddrIntHandler            text10       001A94
__end_of_I2C1_SlaveSetBusColIntHandler          text9        001A8A
__end_of_I2C1_SlaveSetIsrHandler                text8        001A80
__end_of_I2C1_SlaveSetReadIntHandler            text7        001A76
__end_of_I2C1_SlaveSetSlaveAddr                 text6        0019C8
__end_of_I2C1_SlaveSetSlaveMask                 text5        0019BA
__end_of_I2C1_SlaveSetWrColIntHandler           text4        001A6C
__end_of_I2C1_SlaveSetWriteIntHandler           text3        001A62
__end_of_I2C1_SlaveWrCallBack                   text62       00180A
__end_of_I2C1_Write                             text72       001AD0
__end_of_INTERRUPT_Initialize                   text49       001B3C
__end_of_INTERRUPT_InterruptManager             intcode      00010C
__end_of_MasterR_SlaveW                         text64       001486
__end_of_MasterW_SlaveR                         text77       00100E
__end_of_OSCILLATOR_Initialize                  text48       00196A
__end_of_PINS                                   mediumconst  003EF0
__end_of_PIN_MANAGER_Initialize                 text47       0013E2
__end_of_PMD_Initialize                         text46       0019AC
__end_of_PWM3_Initialize                        text45       001932
__end_of_PWM4_Initialize                        text44       00191C
__end_of_ReadBit                                text71       000794
__end_of_ReadReg                                text70       000EEC
__end_of_Registers                              mediumconst  003ED0
__end_of_SYSTEM_Initialize                      text42       001706
__end_of_SlaveRdDevAddrFromBus                  text92       001792
__end_of_TMR2_Initialize                        text43       001906
__end_of_TestForStopBit                         text93       001946
__end_of_WriteBit                               text81       000648
__end_of_WriteReg                               text80       000F80
__end_of__Exit                                  text34       001B46
__end_of___assert_fail                          text22       001564
__end_of___awdiv                                text38       0008C6
__end_of___awmod                                text30       0009C6
__end_of___funcs_on_exit                        text33       00198C
__end_of__initialization                        cinit        00159C
__end_of_abort                                  text31       0019F2
__end_of_abs                                    text29       001736
__end_of_analog_get_adc_val                     text68       0018F0
__end_of_analog_get_adc_val_idx                 text69       0015E8
__end_of_analog_handler                         text35       000C7A
__end_of_analog_init                            text20       0018A8
__end_of_analog_select_pos_ref_idx              text21       001628
__end_of_analog_set_pos_ref                     text36       0012E4
__end_of_eeprom_buffer_whole                    text17       0017BE
__end_of_eeprom_handle_writing                  text13       000D20
__end_of_eeprom_read_buffer                     text83       00197C
__end_of_eeprom_read_byte                       text18       0019D6
__end_of_eeprom_write_buffer                    text82       00151E
__end_of_eeprom_write_byte                      text15       0014D6
__end_of_exit                                   text32       0018D8
__end_of_fputc                                  text26       000AC4
__end_of_handle_read_cmd                        text66       000BB4
__end_of_handle_write_cmd                       text79       001764
__end_of_i2c_read_from_slave_cb                 text65       00111E
__end_of_i2c_slave_get_byte_no                  text67       001B0E
__end_of_i2c_slave_get_state                    text14       001B08
__end_of_i2c_slave_init                         text1        001434
__end_of_i2c_write_to_slave_cb                  text78       00109A
__end_of_main                                   text0        00138E
__end_of_printf                                 text23       00133A
__end_of_putch                                  text27       0019E4
__end_of_vfpfcnvrt                              text25       0004EE
__end_of_vfprintf                               text24       00119A
__initialization                                cinit        001564
__mediumconst                                   mediumconst  003EAE
__pbssBANK0                                     bssBANK0     000060
__pbssBANK1                                     bssBANK1     000100
__pbssBANK2                                     bssBANK2     000200
__pbssCOMRAM                                    bssCOMRAM    000057
__pcinit                                        cinit        001564
__pcstackBANK0                                  cstackBANK0  0000DA
__pcstackCOMRAM                                 cstackCOMRAM 000001
__pintcode                                      intcode      000008
__pmediumconst                                  mediumconst  003EAE
__pnvBANK0                                      nvBANK0      0000E9
__ptext0                                        text0        00133A
__ptext1                                        text1        0013E2
__ptext10                                       text10       001A8A
__ptext100                                      text100      001B2C
__ptext101                                      text101      001B46
__ptext102                                      text102      001B32
__ptext103                                      text103      00186E
__ptext11                                       text11       001946
__ptext12                                       text12       001AFC
__ptext13                                       text13       000C7A
__ptext14                                       text14       001B02
__ptext15                                       text15       001486
__ptext16                                       text16       001628
__ptext17                                       text17       001792
__ptext18                                       text18       0019C8
__ptext19                                       text19       0018A8
__ptext2                                        text2        001212
__ptext20                                       text20       00188C
__ptext21                                       text21       0015E8
__ptext22                                       text22       00151E
__ptext23                                       text23       0012E4
__ptext24                                       text24       00111E
__ptext25                                       text25       000114
__ptext26                                       text26       0009C6
__ptext27                                       text27       0019D6
__ptext28                                       text28       001666
__ptext29                                       text29       001706
__ptext3                                        text3        001A58
__ptext30                                       text30       0008C6
__ptext31                                       text31       0019E4
__ptext32                                       text32       0018C0
__ptext33                                       text33       00197C
__ptext34                                       text34       001B44
__ptext35                                       text35       000BB4
__ptext36                                       text36       00127C
__ptext37                                       text37       0019F2
__ptext38                                       text38       000794
__ptext39                                       text39       00198C
__ptext4                                        text4        001A62
__ptext40                                       text40       001A00
__ptext41                                       text41       00184E
__ptext42                                       text42       0016D4
__ptext43                                       text43       0018F0
__ptext44                                       text44       001906
[...]
__ptext61                                       text61       000DBC
__ptext62                                       text62       0017E8
__ptext63                                       text63       001AEC
__ptext64                                       text64       001434
__ptext65                                       text65       00109A
__ptext66                                       text66       000AC4
__ptext67                                       text67       001B08
__ptext68                                       text68       0018D8
__ptext69                                       text69       0015A6
__ptext7                                        text7        001A6C
__ptext70                                       text70       000E54
__ptext71                                       text71       000648
__ptext72                                       text72       001AC6
__ptext73                                       text73       001AF4
__ptext74                                       text74       001B3C
__ptext75                                       text75       00180A
__ptext76                                       text76       001AD0
__ptext77                                       text77       000F80
__ptext78                                       text78       00100E
__ptext79                                       text79       001736
__ptext8                                        text8        001A76
__ptext80                                       text80       000EEC
__ptext81                                       text81       0004EE
__ptext82                                       text82       0014D6
__ptext83                                       text83       00196A
__ptext84                                       text84       001B0E
__ptext85                                       text85       001B14
__ptext86                                       text86       001A28
__ptext87                                       text87       001A34
__ptext88                                       text88       001A40
__ptext89                                       text89       001B1A
__ptext9                                        text9        001A80
__ptext90                                       text90       00182C
__ptext91                                       text91       001ADA
__ptext92                                       text92       001764
__ptext93                                       text93       001932
__ptext94                                       text94       001B20
__ptext95                                       text95       001B26
__ptext96                                       text96       001A4C
__ptext97                                       text97       001B40
__ptext98                                       text98       0017BE
__ptext99                                       text99       000D20
__ramtop                                        ramtop       000500
__smallconst                                    smallconst   000000
_abort                                          text31       0019E4
_abs                                            text29       001706
_analog                                         bssBANK0     000060
_analog_get_adc_val                             text68       0018D8
_analog_get_adc_val_idx                         text69       0015A6
_analog_handler                                 text35       000BB4
_analog_init                                    text20       00188C
_analog_select_pos_ref_idx                      text21       0015E8
_analog_set_pos_ref                             text36       00127C
_analog_set_pos_ref$3052                        cstackBANK0  0000DB
_count                                          bssCOMRAM    000057
_dbuf                                           bssBANK1     0001C0
_eeprom_buffer_whole                            text17       001792
_eeprom_handle_writing                          text13       000C7A
_eeprom_read_buffer                             text83       00196A
_eeprom_read_byte                               text18       0019C8
_eeprom_write_buffer                            text82       0014D6
_eeprom_write_byte                              text15       001486
_eusart1RxBuffer                                bssBANK1     000140
_eusart1RxCount                                 bssCOMRAM    00005A
_eusart1RxHead                                  bssCOMRAM    00005C
_eusart1RxLastError                             bssBANK0     0000D0
_eusart1RxStatusBuffer                          bssBANK1     000100
_eusart1RxTail                                  bssCOMRAM    00005B
_eusart1TxBuffer                                bssBANK1     000180
_eusart1TxBufferRemaining                       bssCOMRAM    00005D
_eusart1TxHead                                  bssCOMRAM    00005F
_eusart1TxTail                                  bssCOMRAM    00005E
_exit                                           text32       0018C0
_flags                                          bssBANK0     0000CD
_fputc                                          text26       0009C6
_handle_read_cmd                                text66       000AC4
_handle_write_cmd                               text79       001736
_i2c                                            bssBANK0     0000D1
_i2c1EEPMemAddr                                 bssBANK0     0000BB
_i2c1RdData                                     bssBANK0     0000CF
_i2c1SlaveAddr                                  bssBANK0     0000CE
_i2c1SlaveState                                 bssCOMRAM    000058
_i2c1WrData                                     bssCOMRAM    000059
_i2c_read_from_slave_cb                         text65       00109A
_i2c_slave_get_byte_no                          text67       001B08
_i2c_slave_get_state                            text14       001B02
_i2c_slave_init                                 text1        0013E2
_i2c_write_to_slave_cb                          text78       00100E
_main                                           text0        00133A
_prec                                           bssBANK0     0000B9
_printf                                         text23       0012E4
_putch                                          text27       0019D6
_sectorRAM                                      (abs)        000400
_vfpfcnvrt                                      text25       000114
_vfprintf                                       text24       00111E
_width                                          bssBANK0     0000B7
analog_get_adc_val@pin                          cstackCOMRAM 000004
analog_get_adc_val@port                         cstackCOMRAM 000006
analog_get_adc_val_idx@idx                      cstackCOMRAM 000003
analog_handler@pin                              cstackBANK0  0000E7
analog_handler@port                             cstackBANK0  0000E6
analog_init@i                                   cstackBANK0  0000DC
analog_select_pos_ref_idx@idx                   cstackBANK0  0000DB
analog_select_pos_ref_idx@ref                   cstackBANK0  0000DA
analog_set_pos_ref@current                      cstackBANK0  0000DD
analog_set_pos_ref@ref                          cstackBANK0  0000DE
btemp                                           temp         000037
eeprom_buffer_whole@b                           cstackBANK0  0000DC
eeprom_handle_writing@bi                        cstackBANK0  0000E7
eeprom_handle_writing@bitval                    cstackBANK0  0000E5
eeprom_handle_writing@by                        cstackBANK0  0000E8
eeprom_handle_writing@eeAddr                    cstackBANK0  0000E6
eeprom_read_buffer@addr                         cstackCOMRAM 000001
eeprom_read_byte@addr                           cstackBANK0  0000DB
eeprom_write_buffer@addr                        cstackCOMRAM 000005
eeprom_write_buffer@data                        cstackCOMRAM 000001
eeprom_write_byte@addr                          cstackBANK0  0000E2
eeprom_write_byte@data                          cstackBANK0  0000DD
end_of_initialization                           cinit        00159C
handle_read_cmd@a                               bssBANK0     0000BD
handle_read_cmd@adc_tmp                         bssBANK0     0000BF
handle_read_cmd@c                               cstackCOMRAM 000013
handle_read_cmd@wb                              cstackCOMRAM 000015
handle_write_cmd@c                              cstackCOMRAM 000013
handle_write_cmd@rb                             cstackCOMRAM 000015
i2c_read_from_slave_cb@addr                     cstackCOMRAM 000019
i2c_read_from_slave_cb@c                        cstackCOMRAM 00001D
i2c_read_from_slave_cb@wb                       cstackCOMRAM 00001A
i2c_slave_init@from_slave_func                  cstackBANK0  0000DF
i2c_slave_init@maskAddr                         cstackBANK0  0000DC
i2c_slave_init@slaveAddr                        cstackBANK0  0000E1
i2c_slave_init@to_slave_func                    cstackBANK0  0000DD
i2c_write_to_slave_cb@addr                      cstackCOMRAM 000016
i2c_write_to_slave_cb@c                         cstackCOMRAM 00001A
i2c_write_to_slave_cb@rb                        cstackCOMRAM 000017
intlevel0                                       text         000000
intlevel1                                       text         000000
intlevel2                                       text         000000
intlevel3                                       text         000000
isa$std                                         (abs)        000001
isa$xinst                                       (abs)        000000
lltemp0                                         temp         000037
lltemp1                                         temp         00003F
lltemp2                                         temp         000047
lltemp3                                         temp         00004F
ltemp0                                          temp         000037
ltemp1                                          temp         00003B
ltemp2                                          temp         00003F
stackhi                                         (abs)        0003FF
stacklo                                         (abs)        000300
start                                           init         00010C
start_initialization                            cinit        001564
ttemp0                                          temp         000037
ttemp1                                          temp         00003A
ttemp2                                          temp         00003D
ttemp3                                          temp         000040
ttemp5                                          temp         000038
ttemp6                                          temp         00003B
ttemp7                                          temp         00003F
wtemp0                                          temp         000037
wtemp1                                          temp         000039
wtemp2                                          temp         00003B
wtemp3                                          temp         00003D
wtemp4                                          temp         00003F
wtemp5                                          temp         000041
wtemp8                                          temp         000038


MODULE INFORMATION

Module		Function		Class		Link	Load	Size
mcc_generated_files/fvr.c
		_FVR_IsOutputReady		CODE           	19F2	0000	14
		_FVR_Initialize		CODE           	1AE4	0000	8

mcc_generated_files/fvr.c estimated size: 22

C:\Program Files\Microchip\xc8\v2.50\pic\sources\c99\common\_Exit.c
		__Exit         		CODE           	1B44	0000	2

C:\Program Files\Microchip\xc8\v2.50\pic\sources\c99\common\_Exit.c estimated size: 2

mcc_generated_files/pwm4.c
		_PWM4_Initialize		CODE           	1906	0000	22

mcc_generated_files/pwm4.c estimated size: 22

mcc_generated_files/tmr2.c
		_TMR2_Initialize		CODE           	18F0	0000	22

mcc_generated_files/tmr2.c estimated size: 22

mcc_generated_files/interrupt_manager.c
		_INTERRUPT_Initialize		CODE           	1B38	0000	4
		_INTERRUPT_InterruptManager		CODE           	0008	0000	260

mcc_generated_files/interrupt_manager.c estimated size: 264

C:\Program Files\Microchip\xc8\v2.50\pic\sources\c99\common\printf.c
		_printf        		CODE           	12E4	0000	86

C:\Program Files\Microchip\xc8\v2.50\pic\sources\c99\common\printf.c estimated size: 86

mcc_generated_files/pin_manager.c
		_PIN_MANAGER_Initialize		CODE           	138E	0000	84

mcc_generated_files/pin_manager.c estimated size: 84

mcc_generated_files/i2c1_slave.c
		_I2C1_Read     		CODE           	1B20	0000	6
		_I2C1_SlaveSetReadIntHandler		CODE           	1A6C	0000	10
		_I2C1_SlaveDefAddrInterruptHandler		CODE           	1ADA	0000	10
		_I2C1_SlaveSetAddrIntHandler		CODE           	1A8A	0000	10
		_I2C1_SlaveIsRead		CODE           	1A4C	0000	12
		_I2C1_SlaveSetIsrHandler		CODE           	1A76	0000	10
		_I2C1_SlaveIsAddr		CODE           	1A40	0000	12
		_I2C1_SlaveEnableIrq		CODE           	1AFC	0000	6
		_I2C1_SlaveDefRdInterruptHandler		CODE           	1AD0	0000	10
		_I2C1_SlaveDefWrInterruptHandler		CODE           	1AEC	0000	8
		_I2C1_SlaveOpen		CODE           	1946	0000	18
		_I2C1_SlaveSendTxData		CODE           	1AF4	0000	8
		_I2C1_SlaveSetSlaveAddr		CODE           	19BA	0000	14
		_I2C1_SendNack 		CODE           	1B0E	0000	6
		_I2C1_SlaveRdCallBack		CODE           	180A	0000	34
		_I2C1_SlaveSendNack		CODE           	1B14	0000	6
		_I2C1_SlaveWrCallBack		CODE           	17E8	0000	34
		_I2C1_Isr      		CODE           	0DBC	0000	152
		_I2C1_Open     		CODE           	1212	0000	106
		_I2C1_IsRead   		CODE           	1B26	0000	6
		_I2C1_SlaveAddrCallBack		CODE           	182C	0000	34
		_I2C1_Initialize		CODE           	1A0E	0000	14
		_I2C1_Write    		CODE           	1AC6	0000	10
		_I2C1_SlaveSetWrColIntHandler		CODE           	1A62	0000	10
		_I2C1_SlaveIsTxBufEmpty		CODE           	1A28	0000	12
		_I2C1_SlaveIsRxBufFull		CODE           	1A34	0000	12
		_I2C1_SlaveClearIrq		CODE           	1B1A	0000	6
		_I2C1_SlaveGetRxData		CODE           	1B40	0000	4
		_I2C1_SlaveSetWriteIntHandler		CODE           	1A58	0000	10
		_I2C1_SlaveSetBusColIntHandler		CODE           	1A80	0000	10
		_I2C1_SlaveReleaseClock		CODE           	1B3C	0000	4
		_I2C1_SlaveSetSlaveMask		CODE           	19AC	0000	14

mcc_generated_files/i2c1_slave.c estimated size: 618

C:\Program Files\Microchip\xc8\v2.50\pic\sources\c99\common\awmod.c
		___awmod       		CODE           	08C6	0000	256

C:\Program Files\Microchip\xc8\v2.50\pic\sources\c99\common\awmod.c estimated size: 256

C:\Program Files\Microchip\xc8\v2.50\pic\sources\c99\common\abs.c
		_abs           		CODE           	1706	0000	48

C:\Program Files\Microchip\xc8\v2.50\pic\sources\c99\common\abs.c estimated size: 48

C:\Program Files\Microchip\xc8\v2.50\pic\sources\c99\common\assert.c
		___assert_fail 		CODE           	151E	0000	70

C:\Program Files\Microchip\xc8\v2.50\pic\sources\c99\common\assert.c estimated size: 70

eeprom.c
		_eeprom_read_byte		CODE           	19C8	0000	14
		_eeprom_write_buffer		CODE           	14D6	0000	72
		_eeprom_write_byte		CODE           	1486	0000	80
		_eeprom_handle_writing		CODE           	0C7A	0000	166
		_eeprom_read_buffer		CODE           	196A	0000	18
		_eeprom_buffer_whole		CODE           	1792	0000	44

eeprom.c estimated size: 394

C:\Program Files\Microchip\xc8\v2.50\pic\sources\c99\common\atexit.c
		___funcs_on_exit		CODE           	197C	0000	16

C:\Program Files\Microchip\xc8\v2.50\pic\sources\c99\common\atexit.c estimated size: 16

C:\Program Files\Microchip\xc8\v2.50\pic\sources\c99\common\nf_fputc.c
		_fputc         		CODE           	09C6	0000	254

C:\Program Files\Microchip\xc8\v2.50\pic\sources\c99\common\nf_fputc.c estimated size: 254

shared
		__initialization		CODE           	1564	0000	56
		_Registers     		MEDIUMCONST    	3EAF	0000	33
		_PINS          		MEDIUMCONST    	3ED0	0000	32

shared estimated size: 121

mcc_generated_files/eusart1.c
		_EUSART1_SetRxInterruptHandler		CODE           	1A9E	0000	10
		_EUSART1_SetTxInterruptHandler		CODE           	1A94	0000	10
		_EUSART1_Initialize		CODE           	119A	0000	120
		_putch         		CODE           	19D6	0000	14
		_EUSART1_DefaultErrorHandler		CODE           	1B32	0000	6
		_EUSART1_SetFramingErrorHandler		CODE           	1AB2	0000	10
		_EUSART1_SetOverrunErrorHandler		CODE           	1AA8	0000	10
		_EUSART1_SetErrorHandler		CODE           	1ABC	0000	10
		_EUSART1_Write 		CODE           	1666	0000	58
		_EUSART1_Receive_ISR		CODE           	0D20	0000	156
		_EUSART1_RxDataHandler		CODE           	186E	0000	30
		_EUSART1_DefaultOverrunErrorHandler		CODE           	1B2C	0000	6
		_EUSART1_Transmit_ISR		CODE           	17BE	0000	42
		_EUSART1_DefaultFramingErrorHandler		CODE           	1B46	0000	2

mcc_generated_files/eusart1.c estimated size: 484

mcc_generated_files/mcc.c
		_PMD_Initialize		CODE           	199C	0000	16
		_OSCILLATOR_Initialize		CODE           	1958	0000	18
		_SYSTEM_Initialize		CODE           	16D4	0000	50

mcc_generated_files/mcc.c estimated size: 84

mcc_generated_files/pwm3.c
		_PWM3_Initialize		CODE           	191C	0000	22

mcc_generated_files/pwm3.c estimated size: 22

C:\Program Files\Microchip\xc8\v2.50\pic\sources\c99\common\awdiv.c
		___awdiv       		CODE           	0794	0000	306

C:\Program Files\Microchip\xc8\v2.50\pic\sources\c99\common\awdiv.c estimated size: 306

i2c_slave.c
		_MasterR_SlaveW		CODE           	1434	0000	82
		_SlaveRdDevAddrFromBus		CODE           	1764	0000	46
		_i2c_slave_get_state		CODE           	1B02	0000	6
		_MasterW_SlaveR		CODE           	0F80	0000	142
		_i2c_slave_get_byte_no		CODE           	1B08	0000	6
		_i2c_slave_init		CODE           	13E2	0000	82
		_TestForStopBit		CODE           	1932	0000	20

i2c_slave.c estimated size: 384

C:\Program Files\Microchip\xc8\v2.50\pic\sources\c99\common\exit.c
		_exit          		CODE           	18C0	0000	24

C:\Program Files\Microchip\xc8\v2.50\pic\sources\c99\common\exit.c estimated size: 24

C:\Program Files\Microchip\xc8\v2.50\pic\sources\c99\common\doprnt.c
		_vfpfcnvrt     		CODE           	0114	0000	986
		_vfprintf      		CODE           	111E	0000	124

C:\Program Files\Microchip\xc8\v2.50\pic\sources\c99\common\doprnt.c estimated size: 1110

registers.c
		_WriteReg      		CODE           	0EEC	0000	148
		_ReadBit       		CODE           	0648	0000	332
		_WriteBit      		CODE           	04EE	0000	346
		_ReadReg       		CODE           	0E54	0000	152

registers.c estimated size: 978

mcc_generated_files/memory.c
		_DATAEE_WriteByte		CODE           	1628	0000	62
		_DATAEE_ReadByte		CODE           	18A8	0000	24

mcc_generated_files/memory.c estimated size: 86

mcc_generated_files/dac1.c
		_DAC1_Initialize		CODE           	1A1C	0000	12

mcc_generated_files/dac1.c estimated size: 12

mcc_generated_files/adcc.c
		_ADCC_GetConversionResult		CODE           	184E	0000	32
		_ADCC_StartConversion		CODE           	198C	0000	16
		_ADCC_Initialize		CODE           	16A0	0000	52
		_ADCC_IsConversionDone		CODE           	1A00	0000	14

mcc_generated_files/adcc.c estimated size: 114

C:\Program Files\Microchip\xc8\v2.50\pic\sources\c99\common\abort.c
		_abort         		CODE           	19E4	0000	14

C:\Program Files\Microchip\xc8\v2.50\pic\sources\c99\common\abort.c estimated size: 14

main.c
		_main          		CODE           	133A	0000	84
		_handle_write_cmd		CODE           	1736	0000	46
		_i2c_write_to_slave_cb		CODE           	100E	0000	140
		_i2c_read_from_slave_cb		CODE           	109A	0000	132
		_handle_read_cmd		CODE           	0AC4	0000	240

main.c estimated size: 642

analog.c
		_analog_handler		CODE           	0BB4	0000	198
		_analog_set_pos_ref		CODE           	127C	0000	104
		_analog_select_pos_ref_idx		CODE           	15E8	0000	64
		_analog_get_adc_val		CODE           	18D8	0000	24
		_analog_init   		CODE           	188C	0000	28
		_analog_get_adc_val_idx		CODE           	15A6	0000	66

analog.c estimated size: 484

